2026-04-28 00:33:24 [http-nio-8083-exec-1] INFO  c.w.warehouse.aspect.LoggingAspect - ==> API REQUEST: com.warehouse.warehouse.controller.WarehouseController.getAllWarehouses()
2026-04-28 00:33:25 [http-nio-8083-exec-1] INFO  c.w.warehouse.aspect.LoggingAspect - ==> SERVICE METHOD CALLED: com.warehouse.warehouse.service.WarehouseService.getAllWarehouses()
2026-04-28 00:33:26 [http-nio-8083-exec-1] INFO  c.w.warehouse.aspect.LoggingAspect - ==> METHOD: getAllWarehouses() COMPLETED IN: 1905 ms
2026-04-28 00:33:34 [http-nio-8083-exec-2] INFO  c.w.warehouse.aspect.LoggingAspect - ==> API REQUEST: com.warehouse.warehouse.controller.WarehouseController.getAllWarehouses()
2026-04-28 00:33:34 [http-nio-8083-exec-2] INFO  c.w.warehouse.aspect.LoggingAspect - ==> SERVICE METHOD CALLED: com.warehouse.warehouse.service.WarehouseService.getAllWarehouses()
2026-04-28 00:33:34 [http-nio-8083-exec-2] INFO  c.w.warehouse.aspect.LoggingAspect - ==> METHOD: getAllWarehouses() COMPLETED IN: 12 ms
2026-04-28 13:00:45 [http-nio-8083-exec-1] INFO  c.w.warehouse.aspect.LoggingAspect - ==> API REQUEST: com.warehouse.warehouse.controller.WarehouseController.getAllWarehouses()
2026-04-28 13:00:45 [http-nio-8083-exec-1] INFO  c.w.warehouse.aspect.LoggingAspect - ==> SERVICE METHOD CALLED: com.warehouse.warehouse.service.WarehouseService.getAllWarehouses()
2026-04-28 13:00:46 [http-nio-8083-exec-1] INFO  c.w.warehouse.aspect.LoggingAspect - ==> METHOD: getAllWarehouses() COMPLETED IN: 1433 ms
2026-04-28 13:02:52 [http-nio-8083-exec-5] INFO  c.w.warehouse.aspect.LoggingAspect - ==> API REQUEST: com.warehouse.warehouse.controller.WarehouseController.getAllWarehouses()
2026-04-28 13:02:52 [http-nio-8083-exec-5] INFO  c.w.warehouse.aspect.LoggingAspect - ==> SERVICE METHOD CALLED: com.warehouse.warehouse.service.WarehouseService.getAllWarehouses()
2026-04-28 13:02:52 [http-nio-8083-exec-5] INFO  c.w.warehouse.aspect.LoggingAspect - ==> METHOD: getAllWarehouses() COMPLETED IN: 286 ms
2026-04-28 13:02:54 [http-nio-8083-exec-3] INFO  c.w.warehouse.aspect.LoggingAspect - ==> API REQUEST: com.warehouse.warehouse.controller.WarehouseController.getAllWarehouses()
2026-04-28 13:02:54 [http-nio-8083-exec-3] INFO  c.w.warehouse.aspect.LoggingAspect - ==> SERVICE METHOD CALLED: com.warehouse.warehouse.service.WarehouseService.getAllWarehouses()
2026-04-28 13:02:54 [http-nio-8083-exec-3] INFO  c.w.warehouse.aspect.LoggingAspect - ==> METHOD: getAllWarehouses() COMPLETED IN: 16 ms
2026-04-28 13:02:59 [http-nio-8083-exec-4] INFO  c.w.warehouse.aspect.LoggingAspect - ==> API REQUEST: com.warehouse.warehouse.controller.WarehouseController.getAllWarehouses()
2026-04-28 13:02:59 [http-nio-8083-exec-4] INFO  c.w.warehouse.aspect.LoggingAspect - ==> SERVICE METHOD CALLED: com.warehouse.warehouse.service.WarehouseService.getAllWarehouses()
2026-04-28 13:02:59 [http-nio-8083-exec-4] INFO  c.w.warehouse.aspect.LoggingAspect - ==> METHOD: getAllWarehouses() COMPLETED IN: 19 ms
2026-04-28 13:05:29 [http-nio-8083-exec-7] INFO  c.w.warehouse.aspect.LoggingAspect - ==> API REQUEST: com.warehouse.warehouse.controller.WarehouseController.getAllWarehouses()
2026-04-28 13:05:29 [http-nio-8083-exec-7] INFO  c.w.warehouse.aspect.LoggingAspect - ==> SERVICE METHOD CALLED: com.warehouse.warehouse.service.WarehouseService.getAllWarehouses()
2026-04-28 13:05:30 [http-nio-8083-exec-7] INFO  c.w.warehouse.aspect.LoggingAspect - ==> METHOD: getAllWarehouses() COMPLETED IN: 1281 ms
2026-04-28 13:05:55 [http-nio-8083-exec-8] INFO  c.w.warehouse.aspect.LoggingAspect - ==> API REQUEST: com.warehouse.warehouse.controller.WarehouseController.getAllWarehouses()
2026-04-28 13:05:55 [http-nio-8083-exec-8] INFO  c.w.warehouse.aspect.LoggingAspect - ==> SERVICE METHOD CALLED: com.warehouse.warehouse.service.WarehouseService.getAllWarehouses()
2026-04-28 13:05:55 [http-nio-8083-exec-8] INFO  c.w.warehouse.aspect.LoggingAspect - ==> METHOD: getAllWarehouses() COMPLETED IN: 347 ms
2026-04-28 13:09:39 [http-nio-8083-exec-9] INFO  c.w.warehouse.aspect.LoggingAspect - ==> API REQUEST: com.warehouse.warehouse.controller.WarehouseController.getAllWarehouses()
2026-04-28 13:09:39 [http-nio-8083-exec-9] INFO  c.w.warehouse.aspect.LoggingAspect - ==> SERVICE METHOD CALLED: com.warehouse.warehouse.service.WarehouseService.getAllWarehouses()
2026-04-28 13:09:40 [http-nio-8083-exec-9] INFO  c.w.warehouse.aspect.LoggingAspect - ==> METHOD: getAllWarehouses() COMPLETED IN: 1028 ms
2026-04-28 13:10:15 [http-nio-8083-exec-1] INFO  c.w.warehouse.aspect.LoggingAspect - ==> API REQUEST: com.warehouse.warehouse.controller.WarehouseController.getAllWarehouses()
2026-04-28 13:10:15 [http-nio-8083-exec-1] INFO  c.w.warehouse.aspect.LoggingAspect - ==> SERVICE METHOD CALLED: com.warehouse.warehouse.service.WarehouseService.getAllWarehouses()
2026-04-28 13:10:16 [http-nio-8083-exec-1] INFO  c.w.warehouse.aspect.LoggingAspect - ==> METHOD: getAllWarehouses() COMPLETED IN: 459 ms
2026-04-28 13:15:06 [http-nio-8083-exec-5] INFO  c.w.warehouse.aspect.LoggingAspect - ==> API REQUEST: com.warehouse.warehouse.controller.WarehouseController.getAllWarehouses()
2026-04-28 13:15:06 [http-nio-8083-exec-5] INFO  c.w.warehouse.aspect.LoggingAspect - ==> SERVICE METHOD CALLED: com.warehouse.warehouse.service.WarehouseService.getAllWarehouses()
2026-04-28 13:15:07 [http-nio-8083-exec-5] INFO  c.w.warehouse.aspect.LoggingAspect - ==> METHOD: getAllWarehouses() COMPLETED IN: 746 ms
2026-04-28 13:15:12 [http-nio-8083-exec-3] INFO  c.w.warehouse.aspect.LoggingAspect - ==> API REQUEST: com.warehouse.warehouse.controller.WarehouseController.getAllWarehouses()
2026-04-28 13:15:12 [http-nio-8083-exec-3] INFO  c.w.warehouse.aspect.LoggingAspect - ==> SERVICE METHOD CALLED: com.warehouse.warehouse.service.WarehouseService.getAllWarehouses()
2026-04-28 13:15:12 [http-nio-8083-exec-3] INFO  c.w.warehouse.aspect.LoggingAspect - ==> METHOD: getAllWarehouses() COMPLETED IN: 38 ms
2026-04-28 13:17:05 [http-nio-8083-exec-6] INFO  c.w.warehouse.aspect.LoggingAspect - ==> API REQUEST: com.warehouse.warehouse.controller.WarehouseController.getAllWarehouses()
2026-04-28 13:17:05 [http-nio-8083-exec-6] INFO  c.w.warehouse.aspect.LoggingAspect - ==> SERVICE METHOD CALLED: com.warehouse.warehouse.service.WarehouseService.getAllWarehouses()
2026-04-28 13:17:06 [http-nio-8083-exec-6] INFO  c.w.warehouse.aspect.LoggingAspect - ==> METHOD: getAllWarehouses() COMPLETED IN: 1186 ms
2026-04-28 13:17:56 [http-nio-8083-exec-7] INFO  c.w.warehouse.aspect.LoggingAspect - ==> API REQUEST: com.warehouse.warehouse.controller.WarehouseController.getAllWarehouses()
2026-04-28 13:17:57 [http-nio-8083-exec-7] INFO  c.w.warehouse.aspect.LoggingAspect - ==> SERVICE METHOD CALLED: com.warehouse.warehouse.service.WarehouseService.getAllWarehouses()
2026-04-28 13:17:57 [http-nio-8083-exec-7] INFO  c.w.warehouse.aspect.LoggingAspect - ==> METHOD: getAllWarehouses() COMPLETED IN: 640 ms
2026-04-28 13:27:26 [http-nio-8083-exec-10] INFO  c.w.warehouse.aspect.LoggingAspect - ==> API REQUEST: com.warehouse.warehouse.controller.WarehouseController.getAllWarehouses()
2026-04-28 13:27:26 [http-nio-8083-exec-10] INFO  c.w.warehouse.aspect.LoggingAspect - ==> SERVICE METHOD CALLED: com.warehouse.warehouse.service.WarehouseService.getAllWarehouses()
2026-04-28 13:27:27 [http-nio-8083-exec-10] INFO  c.w.warehouse.aspect.LoggingAspect - ==> METHOD: getAllWarehouses() COMPLETED IN: 867 ms
2026-04-28 13:28:42 [http-nio-8083-exec-1] INFO  c.w.warehouse.aspect.LoggingAspect - ==> API REQUEST: com.warehouse.warehouse.controller.WarehouseController.getAllWarehouses()
2026-04-28 13:28:42 [http-nio-8083-exec-1] INFO  c.w.warehouse.aspect.LoggingAspect - ==> SERVICE METHOD CALLED: com.warehouse.warehouse.service.WarehouseService.getAllWarehouses()
2026-04-28 13:28:42 [http-nio-8083-exec-1] INFO  c.w.warehouse.aspect.LoggingAspect - ==> METHOD: getAllWarehouses() COMPLETED IN: 417 ms
2026-04-28 13:30:20 [http-nio-8083-exec-5] INFO  c.w.warehouse.aspect.LoggingAspect - ==> API REQUEST: com.warehouse.warehouse.controller.WarehouseController.getAllWarehouses()
2026-04-28 13:30:20 [http-nio-8083-exec-5] INFO  c.w.warehouse.aspect.LoggingAspect - ==> SERVICE METHOD CALLED: com.warehouse.warehouse.service.WarehouseService.getAllWarehouses()
2026-04-28 13:30:21 [http-nio-8083-exec-5] INFO  c.w.warehouse.aspect.LoggingAspect - ==> METHOD: getAllWarehouses() COMPLETED IN: 489 ms
2026-04-28 13:30:33 [http-nio-8083-exec-3] INFO  c.w.warehouse.aspect.LoggingAspect - ==> API REQUEST: com.warehouse.warehouse.controller.WarehouseController.getAllWarehouses()
2026-04-28 13:30:33 [http-nio-8083-exec-3] INFO  c.w.warehouse.aspect.LoggingAspect - ==> SERVICE METHOD CALLED: com.warehouse.warehouse.service.WarehouseService.getAllWarehouses()
2026-04-28 13:30:33 [http-nio-8083-exec-3] INFO  c.w.warehouse.aspect.LoggingAspect - ==> METHOD: getAllWarehouses() COMPLETED IN: 13 ms
2026-04-28 13:30:52 [http-nio-8083-exec-4] INFO  c.w.warehouse.aspect.LoggingAspect - ==> API REQUEST: com.warehouse.warehouse.controller.WarehouseController.getAllWarehouses()
2026-04-28 13:30:52 [http-nio-8083-exec-4] INFO  c.w.warehouse.aspect.LoggingAspect - ==> SERVICE METHOD CALLED: com.warehouse.warehouse.service.WarehouseService.getAllWarehouses()
2026-04-28 13:30:52 [http-nio-8083-exec-4] INFO  c.w.warehouse.aspect.LoggingAspect - ==> METHOD: getAllWarehouses() COMPLETED IN: 12 ms
2026-04-28 13:31:48 [http-nio-8083-exec-6] INFO  c.w.warehouse.aspect.LoggingAspect - ==> API REQUEST: com.warehouse.warehouse.controller.WarehouseController.getAllWarehouses()
2026-04-28 13:31:48 [http-nio-8083-exec-6] INFO  c.w.warehouse.aspect.LoggingAspect - ==> SERVICE METHOD CALLED: com.warehouse.warehouse.service.WarehouseService.getAllWarehouses()
2026-04-28 13:31:49 [http-nio-8083-exec-6] INFO  c.w.warehouse.aspect.LoggingAspect - ==> METHOD: getAllWarehouses() COMPLETED IN: 252 ms
2026-04-28 13:33:35 [http-nio-8083-exec-8] INFO  c.w.warehouse.aspect.LoggingAspect - ==> API REQUEST: com.warehouse.warehouse.controller.WarehouseController.getAllWarehouses()
2026-04-28 13:33:35 [http-nio-8083-exec-8] INFO  c.w.warehouse.aspect.LoggingAspect - ==> SERVICE METHOD CALLED: com.warehouse.warehouse.service.WarehouseService.getAllWarehouses()
2026-04-28 13:33:35 [http-nio-8083-exec-8] INFO  c.w.warehouse.aspect.LoggingAspect - ==> METHOD: getAllWarehouses() COMPLETED IN: 259 ms
2026-04-28 13:33:36 [http-nio-8083-exec-10] INFO  c.w.warehouse.aspect.LoggingAspect - ==> API REQUEST: com.warehouse.warehouse.controller.WarehouseController.getAllWarehouses()
2026-04-28 13:33:36 [http-nio-8083-exec-10] INFO  c.w.warehouse.aspect.LoggingAspect - ==> SERVICE METHOD CALLED: com.warehouse.warehouse.service.WarehouseService.getAllWarehouses()
2026-04-28 13:33:36 [http-nio-8083-exec-10] INFO  c.w.warehouse.aspect.LoggingAspect - ==> METHOD: getAllWarehouses() COMPLETED IN: 7 ms
2026-04-28 13:33:56 [http-nio-8083-exec-9] INFO  c.w.warehouse.aspect.LoggingAspect - ==> API REQUEST: com.warehouse.warehouse.controller.WarehouseController.getAllWarehouses()
2026-04-28 13:33:56 [http-nio-8083-exec-9] INFO  c.w.warehouse.aspect.LoggingAspect - ==> SERVICE METHOD CALLED: com.warehouse.warehouse.service.WarehouseService.getAllWarehouses()
2026-04-28 13:33:56 [http-nio-8083-exec-9] INFO  c.w.warehouse.aspect.LoggingAspect - ==> METHOD: getAllWarehouses() COMPLETED IN: 6 ms
2026-04-28 13:34:35 [http-nio-8083-exec-1] INFO  c.w.warehouse.aspect.LoggingAspect - ==> API REQUEST: com.warehouse.warehouse.controller.WarehouseController.getAllWarehouses()
2026-04-28 13:34:35 [http-nio-8083-exec-1] INFO  c.w.warehouse.aspect.LoggingAspect - ==> SERVICE METHOD CALLED: com.warehouse.warehouse.service.WarehouseService.getAllWarehouses()
2026-04-28 13:34:35 [http-nio-8083-exec-1] INFO  c.w.warehouse.aspect.LoggingAspect - ==> METHOD: getAllWarehouses() COMPLETED IN: 183 ms
2026-04-28 13:36:39 [http-nio-8083-exec-5] INFO  c.w.warehouse.aspect.LoggingAspect - ==> API REQUEST: com.warehouse.warehouse.controller.WarehouseController.getAllWarehouses()
2026-04-28 13:36:39 [http-nio-8083-exec-5] INFO  c.w.warehouse.aspect.LoggingAspect - ==> SERVICE METHOD CALLED: com.warehouse.warehouse.service.WarehouseService.getAllWarehouses()
2026-04-28 13:36:39 [http-nio-8083-exec-5] INFO  c.w.warehouse.aspect.LoggingAspect - ==> METHOD: getAllWarehouses() COMPLETED IN: 280 ms
2026-04-28 13:37:11 [http-nio-8083-exec-3] INFO  c.w.warehouse.aspect.LoggingAspect - ==> API REQUEST: com.warehouse.warehouse.controller.WarehouseController.createWarehouse()
2026-04-28 13:37:11 [http-nio-8083-exec-3] INFO  c.w.warehouse.aspect.LoggingAspect - ==> SERVICE METHOD CALLED: com.warehouse.warehouse.service.WarehouseService.createWarehouse()
2026-04-28 13:37:12 [http-nio-8083-exec-3] INFO  c.w.warehouse.aspect.LoggingAspect - ==> METHOD: createWarehouse() COMPLETED IN: 684 ms
2026-04-28 13:37:12 [http-nio-8083-exec-4] INFO  c.w.warehouse.aspect.LoggingAspect - ==> API REQUEST: com.warehouse.warehouse.controller.WarehouseController.getAllWarehouses()
2026-04-28 13:37:12 [http-nio-8083-exec-4] INFO  c.w.warehouse.aspect.LoggingAspect - ==> SERVICE METHOD CALLED: com.warehouse.warehouse.service.WarehouseService.getAllWarehouses()
2026-04-28 13:37:12 [http-nio-8083-exec-4] INFO  c.w.warehouse.aspect.LoggingAspect - ==> METHOD: getAllWarehouses() COMPLETED IN: 10 ms
2026-04-28 13:38:47 [http-nio-8083-exec-7] INFO  c.w.warehouse.aspect.LoggingAspect - ==> API REQUEST: com.warehouse.warehouse.controller.WarehouseController.getAllWarehouses()
2026-04-28 13:38:47 [http-nio-8083-exec-7] INFO  c.w.warehouse.aspect.LoggingAspect - ==> SERVICE METHOD CALLED: com.warehouse.warehouse.service.WarehouseService.getAllWarehouses()
2026-04-28 13:38:47 [http-nio-8083-exec-7] INFO  c.w.warehouse.aspect.LoggingAspect - ==> METHOD: getAllWarehouses() COMPLETED IN: 292 ms
2026-04-28 13:38:56 [http-nio-8083-exec-8] INFO  c.w.warehouse.aspect.LoggingAspect - ==> API REQUEST: com.warehouse.warehouse.controller.WarehouseController.getAllWarehouses()
2026-04-28 13:38:56 [http-nio-8083-exec-8] INFO  c.w.warehouse.aspect.LoggingAspect - ==> SERVICE METHOD CALLED: com.warehouse.warehouse.service.WarehouseService.getAllWarehouses()
2026-04-28 13:38:56 [http-nio-8083-exec-8] INFO  c.w.warehouse.aspect.LoggingAspect - ==> METHOD: getAllWarehouses() COMPLETED IN: 16 ms
2026-04-28 13:39:35 [http-nio-8083-exec-10] INFO  c.w.warehouse.aspect.LoggingAspect - ==> API REQUEST: com.warehouse.warehouse.controller.WarehouseController.getAllWarehouses()
2026-04-28 13:39:35 [http-nio-8083-exec-10] INFO  c.w.warehouse.aspect.LoggingAspect - ==> SERVICE METHOD CALLED: com.warehouse.warehouse.service.WarehouseService.getAllWarehouses()
2026-04-28 13:39:35 [http-nio-8083-exec-10] INFO  c.w.warehouse.aspect.LoggingAspect - ==> METHOD: getAllWarehouses() COMPLETED IN: 10 ms
2026-04-28 13:39:52 [http-nio-8083-exec-9] INFO  c.w.warehouse.aspect.LoggingAspect - ==> API REQUEST: com.warehouse.warehouse.controller.WarehouseController.getAllWarehouses()
2026-04-28 13:39:52 [http-nio-8083-exec-9] INFO  c.w.warehouse.aspect.LoggingAspect - ==> SERVICE METHOD CALLED: com.warehouse.warehouse.service.WarehouseService.getAllWarehouses()
2026-04-28 13:39:52 [http-nio-8083-exec-9] INFO  c.w.warehouse.aspect.LoggingAspect - ==> METHOD: getAllWarehouses() COMPLETED IN: 16 ms
2026-04-28 13:39:57 [http-nio-8083-exec-1] INFO  c.w.warehouse.aspect.LoggingAspect - ==> API REQUEST: com.warehouse.warehouse.controller.WarehouseController.getAllWarehouses()
2026-04-28 13:39:57 [http-nio-8083-exec-1] INFO  c.w.warehouse.aspect.LoggingAspect - ==> SERVICE METHOD CALLED: com.warehouse.warehouse.service.WarehouseService.getAllWarehouses()
2026-04-28 13:39:57 [http-nio-8083-exec-1] INFO  c.w.warehouse.aspect.LoggingAspect - ==> METHOD: getAllWarehouses() COMPLETED IN: 11 ms
2026-04-28 13:40:48 [http-nio-8083-exec-2] INFO  c.w.warehouse.aspect.LoggingAspect - ==> API REQUEST: com.warehouse.warehouse.controller.WarehouseController.getAllWarehouses()
2026-04-28 13:40:48 [http-nio-8083-exec-2] INFO  c.w.warehouse.aspect.LoggingAspect - ==> SERVICE METHOD CALLED: com.warehouse.warehouse.service.WarehouseService.getAllWarehouses()
2026-04-28 13:40:48 [http-nio-8083-exec-2] INFO  c.w.warehouse.aspect.LoggingAspect - ==> METHOD: getAllWarehouses() COMPLETED IN: 11 ms
2026-04-28 13:40:48 [http-nio-8083-exec-5] INFO  c.w.warehouse.aspect.LoggingAspect - ==> API REQUEST: com.warehouse.warehouse.controller.WarehouseController.getAllWarehouses()
2026-04-28 13:40:48 [http-nio-8083-exec-5] INFO  c.w.warehouse.aspect.LoggingAspect - ==> SERVICE METHOD CALLED: com.warehouse.warehouse.service.WarehouseService.getAllWarehouses()
2026-04-28 13:40:48 [http-nio-8083-exec-5] INFO  c.w.warehouse.aspect.LoggingAspect - ==> METHOD: getAllWarehouses() COMPLETED IN: 7 ms
2026-04-28 14:07:55 [http-nio-8083-exec-4] INFO  c.w.warehouse.aspect.LoggingAspect - ==> API REQUEST: com.warehouse.warehouse.controller.WarehouseController.getAllWarehouses()
2026-04-28 14:07:55 [http-nio-8083-exec-4] INFO  c.w.warehouse.aspect.LoggingAspect - ==> SERVICE METHOD CALLED: com.warehouse.warehouse.service.WarehouseService.getAllWarehouses()
2026-04-28 14:07:56 [http-nio-8083-exec-4] INFO  c.w.warehouse.aspect.LoggingAspect - ==> METHOD: getAllWarehouses() COMPLETED IN: 952 ms
2026-04-28 14:24:01 [http-nio-8083-exec-7] INFO  c.w.warehouse.aspect.LoggingAspect - ==> API REQUEST: com.warehouse.warehouse.controller.WarehouseController.getAllWarehouses()
2026-04-28 14:24:01 [http-nio-8083-exec-7] INFO  c.w.warehouse.aspect.LoggingAspect - ==> SERVICE METHOD CALLED: com.warehouse.warehouse.service.WarehouseService.getAllWarehouses()
2026-04-28 14:24:02 [http-nio-8083-exec-7] INFO  c.w.warehouse.aspect.LoggingAspect - ==> METHOD: getAllWarehouses() COMPLETED IN: 569 ms
2026-04-28 14:24:53 [http-nio-8083-exec-8] INFO  c.w.warehouse.aspect.LoggingAspect - ==> API REQUEST: com.warehouse.warehouse.controller.WarehouseController.getAllWarehouses()
2026-04-28 14:24:53 [http-nio-8083-exec-8] INFO  c.w.warehouse.aspect.LoggingAspect - ==> SERVICE METHOD CALLED: com.warehouse.warehouse.service.WarehouseService.getAllWarehouses()
2026-04-28 14:24:54 [http-nio-8083-exec-8] INFO  c.w.warehouse.aspect.LoggingAspect - ==> METHOD: getAllWarehouses() COMPLETED IN: 686 ms
2026-04-28 15:17:32 [http-nio-8083-exec-8] INFO  c.w.warehouse.aspect.LoggingAspect - ==> API REQUEST: com.warehouse.warehouse.controller.WarehouseController.getWarehouseById()
2026-04-28 15:17:32 [http-nio-8083-exec-8] INFO  c.w.warehouse.aspect.LoggingAspect - ==> SERVICE METHOD CALLED: com.warehouse.warehouse.service.WarehouseService.getWarehouseById()
2026-04-28 15:17:33 [http-nio-8083-exec-8] INFO  c.w.warehouse.aspect.LoggingAspect - ==> METHOD: getWarehouseById() COMPLETED IN: 728 ms
2026-04-28 15:19:20 [http-nio-8083-exec-9] INFO  c.w.warehouse.aspect.LoggingAspect - ==> API REQUEST: com.warehouse.warehouse.controller.WarehouseController.getWarehouseById()
2026-04-28 15:19:20 [http-nio-8083-exec-9] INFO  c.w.warehouse.aspect.LoggingAspect - ==> SERVICE METHOD CALLED: com.warehouse.warehouse.service.WarehouseService.getWarehouseById()
2026-04-28 15:19:20 [http-nio-8083-exec-9] INFO  c.w.warehouse.aspect.LoggingAspect - ==> METHOD: getWarehouseById() COMPLETED IN: 103 ms
2026-04-28 15:19:51 [http-nio-8083-exec-6] INFO  c.w.warehouse.aspect.LoggingAspect - ==> API REQUEST: com.warehouse.warehouse.controller.WarehouseController.getAllWarehouses()
2026-04-28 15:19:51 [http-nio-8083-exec-6] INFO  c.w.warehouse.aspect.LoggingAspect - ==> SERVICE METHOD CALLED: com.warehouse.warehouse.service.WarehouseService.getAllWarehouses()
2026-04-28 15:19:54 [http-nio-8083-exec-6] INFO  c.w.warehouse.aspect.LoggingAspect - ==> METHOD: getAllWarehouses() COMPLETED IN: 2127 ms
2026-04-28 15:19:54 [http-nio-8083-exec-2] INFO  c.w.warehouse.aspect.LoggingAspect - ==> API REQUEST: com.warehouse.warehouse.controller.WarehouseController.getAllWarehouses()
2026-04-28 15:19:54 [http-nio-8083-exec-2] INFO  c.w.warehouse.aspect.LoggingAspect - ==> SERVICE METHOD CALLED: com.warehouse.warehouse.service.WarehouseService.getAllWarehouses()
2026-04-28 15:19:54 [http-nio-8083-exec-2] INFO  c.w.warehouse.aspect.LoggingAspect - ==> METHOD: getAllWarehouses() COMPLETED IN: 16 ms
2026-04-28 15:20:11 [http-nio-8083-exec-1] INFO  c.w.warehouse.aspect.LoggingAspect - ==> API REQUEST: com.warehouse.warehouse.controller.WarehouseController.getAllWarehouses()
2026-04-28 15:20:11 [http-nio-8083-exec-1] INFO  c.w.warehouse.aspect.LoggingAspect - ==> SERVICE METHOD CALLED: com.warehouse.warehouse.service.WarehouseService.getAllWarehouses()
2026-04-28 15:20:11 [http-nio-8083-exec-1] INFO  c.w.warehouse.aspect.LoggingAspect - ==> METHOD: getAllWarehouses() COMPLETED IN: 10 ms
2026-04-28 15:21:18 [http-nio-8083-exec-4] INFO  c.w.warehouse.aspect.LoggingAspect - ==> API REQUEST: com.warehouse.warehouse.controller.WarehouseController.getAllWarehouses()
2026-04-28 15:21:18 [http-nio-8083-exec-4] INFO  c.w.warehouse.aspect.LoggingAspect - ==> SERVICE METHOD CALLED: com.warehouse.warehouse.service.WarehouseService.getAllWarehouses()
2026-04-28 15:21:18 [http-nio-8083-exec-4] INFO  c.w.warehouse.aspect.LoggingAspect - ==> METHOD: getAllWarehouses() COMPLETED IN: 42 ms
2026-04-28 15:21:44 [http-nio-8083-exec-10] INFO  c.w.warehouse.aspect.LoggingAspect - ==> API REQUEST: com.warehouse.warehouse.controller.WarehouseController.getAllWarehouses()
2026-04-28 15:21:44 [http-nio-8083-exec-10] INFO  c.w.warehouse.aspect.LoggingAspect - ==> SERVICE METHOD CALLED: com.warehouse.warehouse.service.WarehouseService.getAllWarehouses()
2026-04-28 15:21:44 [http-nio-8083-exec-10] INFO  c.w.warehouse.aspect.LoggingAspect - ==> METHOD: getAllWarehouses() COMPLETED IN: 14 ms
2026-04-28 19:21:06 [http-nio-8083-exec-1] INFO  c.w.warehouse.aspect.LoggingAspect - ==> API REQUEST: com.warehouse.warehouse.controller.WarehouseController.getAllWarehouses()
2026-04-28 19:21:06 [http-nio-8083-exec-1] INFO  c.w.warehouse.aspect.LoggingAspect - ==> SERVICE METHOD CALLED: com.warehouse.warehouse.service.WarehouseService.getAllWarehouses()
2026-04-28 19:21:07 [http-nio-8083-exec-1] INFO  c.w.warehouse.aspect.LoggingAspect - ==> METHOD: getAllWarehouses() COMPLETED IN: 1557 ms
