2026-05-09 00:08:02 [http-nio-8083-exec-5] INFO  c.w.warehouse.aspect.LoggingAspect - ==> API REQUEST: com.warehouse.warehouse.controller.WarehouseController.getAllWarehouses()
2026-05-09 00:08:02 [http-nio-8083-exec-5] INFO  c.w.warehouse.aspect.LoggingAspect - ==> SERVICE METHOD CALLED: com.warehouse.warehouse.service.WarehouseService.getAllWarehouses()
2026-05-09 00:08:02 [http-nio-8083-exec-5] INFO  c.w.warehouse.aspect.LoggingAspect - ==> METHOD: getAllWarehouses() COMPLETED IN: 159 ms
2026-05-09 00:08:41 [http-nio-8083-exec-6] INFO  c.w.warehouse.aspect.LoggingAspect - ==> API REQUEST: com.warehouse.warehouse.controller.WarehouseController.createWarehouse()
2026-05-09 00:08:41 [http-nio-8083-exec-6] INFO  c.w.warehouse.aspect.LoggingAspect - ==> SERVICE METHOD CALLED: com.warehouse.warehouse.service.WarehouseService.createWarehouse()
2026-05-09 00:08:42 [http-nio-8083-exec-6] INFO  c.w.warehouse.aspect.LoggingAspect - ==> METHOD: createWarehouse() COMPLETED IN: 591 ms
2026-05-09 00:09:35 [http-nio-8083-exec-7] INFO  c.w.warehouse.aspect.LoggingAspect - ==> API REQUEST: com.warehouse.warehouse.controller.WarehouseController.getAllWarehouses()
2026-05-09 00:09:35 [http-nio-8083-exec-7] INFO  c.w.warehouse.aspect.LoggingAspect - ==> SERVICE METHOD CALLED: com.warehouse.warehouse.service.WarehouseService.getAllWarehouses()
2026-05-09 00:09:35 [http-nio-8083-exec-7] INFO  c.w.warehouse.aspect.LoggingAspect - ==> METHOD: getAllWarehouses() COMPLETED IN: 16 ms
2026-05-09 00:13:27 [http-nio-8083-exec-8] INFO  c.w.warehouse.aspect.LoggingAspect - ==> API REQUEST: com.warehouse.warehouse.controller.WarehouseController.getAllWarehouses()
2026-05-09 00:13:27 [http-nio-8083-exec-8] INFO  c.w.warehouse.aspect.LoggingAspect - ==> SERVICE METHOD CALLED: com.warehouse.warehouse.service.WarehouseService.getAllWarehouses()
2026-05-09 00:13:27 [http-nio-8083-exec-8] INFO  c.w.warehouse.aspect.LoggingAspect - ==> METHOD: getAllWarehouses() COMPLETED IN: 176 ms
2026-05-09 18:09:24 [http-nio-8083-exec-1] INFO  c.w.warehouse.aspect.LoggingAspect - ==> API REQUEST: com.warehouse.warehouse.controller.WarehouseController.getAllWarehouses()
2026-05-09 18:09:24 [http-nio-8083-exec-1] INFO  c.w.warehouse.aspect.LoggingAspect - ==> SERVICE METHOD CALLED: com.warehouse.warehouse.service.WarehouseService.getAllWarehouses()
2026-05-09 18:09:25 [http-nio-8083-exec-1] INFO  c.w.warehouse.aspect.LoggingAspect - ==> METHOD: getAllWarehouses() COMPLETED IN: 1790 ms
2026-05-09 18:09:49 [http-nio-8083-exec-2] INFO  c.w.warehouse.aspect.LoggingAspect - ==> API REQUEST: com.warehouse.warehouse.controller.WarehouseController.getAllWarehouses()
2026-05-09 18:09:49 [http-nio-8083-exec-2] INFO  c.w.warehouse.aspect.LoggingAspect - ==> SERVICE METHOD CALLED: com.warehouse.warehouse.service.WarehouseService.getAllWarehouses()
2026-05-09 18:09:49 [http-nio-8083-exec-2] INFO  c.w.warehouse.aspect.LoggingAspect - ==> METHOD: getAllWarehouses() COMPLETED IN: 41 ms
2026-05-09 18:10:54 [http-nio-8083-exec-7] INFO  c.w.warehouse.aspect.LoggingAspect - ==> API REQUEST: com.warehouse.warehouse.controller.WarehouseController.getAllWarehouses()
2026-05-09 18:10:54 [http-nio-8083-exec-7] INFO  c.w.warehouse.aspect.LoggingAspect - ==> SERVICE METHOD CALLED: com.warehouse.warehouse.service.WarehouseService.getAllWarehouses()
2026-05-09 18:10:55 [http-nio-8083-exec-7] INFO  c.w.warehouse.aspect.LoggingAspect - ==> METHOD: getAllWarehouses() COMPLETED IN: 894 ms
2026-05-09 18:10:59 [http-nio-8083-exec-8] INFO  c.w.warehouse.aspect.LoggingAspect - ==> API REQUEST: com.warehouse.warehouse.controller.WarehouseController.getAllWarehouses()
2026-05-09 18:10:59 [http-nio-8083-exec-8] INFO  c.w.warehouse.aspect.LoggingAspect - ==> SERVICE METHOD CALLED: com.warehouse.warehouse.service.WarehouseService.getAllWarehouses()
2026-05-09 18:10:59 [http-nio-8083-exec-8] INFO  c.w.warehouse.aspect.LoggingAspect - ==> METHOD: getAllWarehouses() COMPLETED IN: 15 ms
2026-05-09 18:11:20 [http-nio-8083-exec-9] INFO  c.w.warehouse.aspect.LoggingAspect - ==> API REQUEST: com.warehouse.warehouse.controller.WarehouseController.getAllWarehouses()
2026-05-09 18:11:20 [http-nio-8083-exec-9] INFO  c.w.warehouse.aspect.LoggingAspect - ==> SERVICE METHOD CALLED: com.warehouse.warehouse.service.WarehouseService.getAllWarehouses()
2026-05-09 18:11:20 [http-nio-8083-exec-9] INFO  c.w.warehouse.aspect.LoggingAspect - ==> METHOD: getAllWarehouses() COMPLETED IN: 191 ms
2026-05-09 18:11:36 [http-nio-8083-exec-10] INFO  c.w.warehouse.aspect.LoggingAspect - ==> API REQUEST: com.warehouse.warehouse.controller.WarehouseController.getAllWarehouses()
2026-05-09 18:11:36 [http-nio-8083-exec-10] INFO  c.w.warehouse.aspect.LoggingAspect - ==> SERVICE METHOD CALLED: com.warehouse.warehouse.service.WarehouseService.getAllWarehouses()
2026-05-09 18:11:37 [http-nio-8083-exec-10] INFO  c.w.warehouse.aspect.LoggingAspect - ==> METHOD: getAllWarehouses() COMPLETED IN: 109 ms
2026-05-09 18:11:42 [http-nio-8083-exec-4] INFO  c.w.warehouse.aspect.LoggingAspect - ==> API REQUEST: com.warehouse.warehouse.controller.WarehouseController.getAllWarehouses()
2026-05-09 18:11:42 [http-nio-8083-exec-4] INFO  c.w.warehouse.aspect.LoggingAspect - ==> SERVICE METHOD CALLED: com.warehouse.warehouse.service.WarehouseService.getAllWarehouses()
2026-05-09 18:11:42 [http-nio-8083-exec-4] INFO  c.w.warehouse.aspect.LoggingAspect - ==> METHOD: getAllWarehouses() COMPLETED IN: 38 ms
2026-05-09 18:11:51 [http-nio-8083-exec-5] INFO  c.w.warehouse.aspect.LoggingAspect - ==> API REQUEST: com.warehouse.warehouse.controller.WarehouseController.getAllWarehouses()
2026-05-09 18:11:51 [http-nio-8083-exec-5] INFO  c.w.warehouse.aspect.LoggingAspect - ==> SERVICE METHOD CALLED: com.warehouse.warehouse.service.WarehouseService.getAllWarehouses()
2026-05-09 18:11:51 [http-nio-8083-exec-5] INFO  c.w.warehouse.aspect.LoggingAspect - ==> METHOD: getAllWarehouses() COMPLETED IN: 14 ms
2026-05-09 18:12:56 [http-nio-8083-exec-1] INFO  c.w.warehouse.aspect.LoggingAspect - ==> API REQUEST: com.warehouse.warehouse.controller.WarehouseController.getAllWarehouses()
2026-05-09 18:12:56 [http-nio-8083-exec-1] INFO  c.w.warehouse.aspect.LoggingAspect - ==> SERVICE METHOD CALLED: com.warehouse.warehouse.service.WarehouseService.getAllWarehouses()
2026-05-09 18:12:56 [http-nio-8083-exec-1] INFO  c.w.warehouse.aspect.LoggingAspect - ==> METHOD: getAllWarehouses() COMPLETED IN: 185 ms
2026-05-09 18:12:58 [http-nio-8083-exec-2] INFO  c.w.warehouse.aspect.LoggingAspect - ==> API REQUEST: com.warehouse.warehouse.controller.WarehouseController.getAllWarehouses()
2026-05-09 18:12:58 [http-nio-8083-exec-2] INFO  c.w.warehouse.aspect.LoggingAspect - ==> SERVICE METHOD CALLED: com.warehouse.warehouse.service.WarehouseService.getAllWarehouses()
2026-05-09 18:12:58 [http-nio-8083-exec-2] INFO  c.w.warehouse.aspect.LoggingAspect - ==> METHOD: getAllWarehouses() COMPLETED IN: 65 ms
2026-05-09 18:13:22 [http-nio-8083-exec-3] INFO  c.w.warehouse.aspect.LoggingAspect - ==> API REQUEST: com.warehouse.warehouse.controller.WarehouseController.getAllWarehouses()
2026-05-09 18:13:22 [http-nio-8083-exec-3] INFO  c.w.warehouse.aspect.LoggingAspect - ==> SERVICE METHOD CALLED: com.warehouse.warehouse.service.WarehouseService.getAllWarehouses()
2026-05-09 18:13:22 [http-nio-8083-exec-3] INFO  c.w.warehouse.aspect.LoggingAspect - ==> METHOD: getAllWarehouses() COMPLETED IN: 70 ms
2026-05-09 18:13:25 [http-nio-8083-exec-7] INFO  c.w.warehouse.aspect.LoggingAspect - ==> API REQUEST: com.warehouse.warehouse.controller.WarehouseController.getAllWarehouses()
2026-05-09 18:13:25 [http-nio-8083-exec-7] INFO  c.w.warehouse.aspect.LoggingAspect - ==> SERVICE METHOD CALLED: com.warehouse.warehouse.service.WarehouseService.getAllWarehouses()
2026-05-09 18:13:25 [http-nio-8083-exec-7] INFO  c.w.warehouse.aspect.LoggingAspect - ==> METHOD: getAllWarehouses() COMPLETED IN: 176 ms
2026-05-09 18:14:02 [http-nio-8083-exec-8] INFO  c.w.warehouse.aspect.LoggingAspect - ==> API REQUEST: com.warehouse.warehouse.controller.WarehouseController.getAllWarehouses()
2026-05-09 18:14:02 [http-nio-8083-exec-8] INFO  c.w.warehouse.aspect.LoggingAspect - ==> SERVICE METHOD CALLED: com.warehouse.warehouse.service.WarehouseService.getAllWarehouses()
2026-05-09 18:14:03 [http-nio-8083-exec-8] INFO  c.w.warehouse.aspect.LoggingAspect - ==> METHOD: getAllWarehouses() COMPLETED IN: 199 ms
2026-05-09 18:14:16 [http-nio-8083-exec-9] INFO  c.w.warehouse.aspect.LoggingAspect - ==> API REQUEST: com.warehouse.warehouse.controller.WarehouseController.getAllWarehouses()
2026-05-09 18:14:16 [http-nio-8083-exec-9] INFO  c.w.warehouse.aspect.LoggingAspect - ==> SERVICE METHOD CALLED: com.warehouse.warehouse.service.WarehouseService.getAllWarehouses()
2026-05-09 18:14:17 [http-nio-8083-exec-9] INFO  c.w.warehouse.aspect.LoggingAspect - ==> METHOD: getAllWarehouses() COMPLETED IN: 16 ms
2026-05-09 18:14:19 [http-nio-8083-exec-10] INFO  c.w.warehouse.aspect.LoggingAspect - ==> API REQUEST: com.warehouse.warehouse.controller.WarehouseController.getAllWarehouses()
2026-05-09 18:14:19 [http-nio-8083-exec-10] INFO  c.w.warehouse.aspect.LoggingAspect - ==> SERVICE METHOD CALLED: com.warehouse.warehouse.service.WarehouseService.getAllWarehouses()
2026-05-09 18:14:19 [http-nio-8083-exec-10] INFO  c.w.warehouse.aspect.LoggingAspect - ==> METHOD: getAllWarehouses() COMPLETED IN: 94 ms
2026-05-09 18:14:22 [http-nio-8083-exec-4] INFO  c.w.warehouse.aspect.LoggingAspect - ==> API REQUEST: com.warehouse.warehouse.controller.WarehouseController.getAllWarehouses()
2026-05-09 18:14:22 [http-nio-8083-exec-4] INFO  c.w.warehouse.aspect.LoggingAspect - ==> SERVICE METHOD CALLED: com.warehouse.warehouse.service.WarehouseService.getAllWarehouses()
2026-05-09 18:14:22 [http-nio-8083-exec-4] INFO  c.w.warehouse.aspect.LoggingAspect - ==> METHOD: getAllWarehouses() COMPLETED IN: 107 ms
2026-05-09 18:15:39 [http-nio-8083-exec-6] INFO  c.w.warehouse.aspect.LoggingAspect - ==> API REQUEST: com.warehouse.warehouse.controller.WarehouseController.getAllWarehouses()
2026-05-09 18:15:40 [http-nio-8083-exec-6] INFO  c.w.warehouse.aspect.LoggingAspect - ==> SERVICE METHOD CALLED: com.warehouse.warehouse.service.WarehouseService.getAllWarehouses()
2026-05-09 18:15:40 [http-nio-8083-exec-6] INFO  c.w.warehouse.aspect.LoggingAspect - ==> METHOD: getAllWarehouses() COMPLETED IN: 426 ms
2026-05-09 18:15:45 [http-nio-8083-exec-1] INFO  c.w.warehouse.aspect.LoggingAspect - ==> API REQUEST: com.warehouse.warehouse.controller.WarehouseController.getAllWarehouses()
2026-05-09 18:15:45 [http-nio-8083-exec-1] INFO  c.w.warehouse.aspect.LoggingAspect - ==> SERVICE METHOD CALLED: com.warehouse.warehouse.service.WarehouseService.getAllWarehouses()
2026-05-09 18:15:45 [http-nio-8083-exec-1] INFO  c.w.warehouse.aspect.LoggingAspect - ==> METHOD: getAllWarehouses() COMPLETED IN: 73 ms
2026-05-09 18:16:25 [http-nio-8083-exec-2] INFO  c.w.warehouse.aspect.LoggingAspect - ==> API REQUEST: com.warehouse.warehouse.controller.WarehouseController.getAllWarehouses()
2026-05-09 18:16:25 [http-nio-8083-exec-2] INFO  c.w.warehouse.aspect.LoggingAspect - ==> SERVICE METHOD CALLED: com.warehouse.warehouse.service.WarehouseService.getAllWarehouses()
2026-05-09 18:16:25 [http-nio-8083-exec-2] INFO  c.w.warehouse.aspect.LoggingAspect - ==> METHOD: getAllWarehouses() COMPLETED IN: 50 ms
2026-05-09 18:16:28 [http-nio-8083-exec-3] INFO  c.w.warehouse.aspect.LoggingAspect - ==> API REQUEST: com.warehouse.warehouse.controller.WarehouseController.getAllWarehouses()
2026-05-09 18:16:28 [http-nio-8083-exec-3] INFO  c.w.warehouse.aspect.LoggingAspect - ==> SERVICE METHOD CALLED: com.warehouse.warehouse.service.WarehouseService.getAllWarehouses()
2026-05-09 18:16:28 [http-nio-8083-exec-3] INFO  c.w.warehouse.aspect.LoggingAspect - ==> METHOD: getAllWarehouses() COMPLETED IN: 19 ms
2026-05-09 18:18:03 [http-nio-8083-exec-8] INFO  c.w.warehouse.aspect.LoggingAspect - ==> API REQUEST: com.warehouse.warehouse.controller.WarehouseController.getAllWarehouses()
2026-05-09 18:18:03 [http-nio-8083-exec-8] INFO  c.w.warehouse.aspect.LoggingAspect - ==> SERVICE METHOD CALLED: com.warehouse.warehouse.service.WarehouseService.getAllWarehouses()
2026-05-09 18:18:03 [http-nio-8083-exec-8] INFO  c.w.warehouse.aspect.LoggingAspect - ==> METHOD: getAllWarehouses() COMPLETED IN: 260 ms
2026-05-09 18:18:07 [http-nio-8083-exec-9] INFO  c.w.warehouse.aspect.LoggingAspect - ==> API REQUEST: com.warehouse.warehouse.controller.WarehouseController.getAllWarehouses()
2026-05-09 18:18:07 [http-nio-8083-exec-9] INFO  c.w.warehouse.aspect.LoggingAspect - ==> SERVICE METHOD CALLED: com.warehouse.warehouse.service.WarehouseService.getAllWarehouses()
2026-05-09 18:18:07 [http-nio-8083-exec-9] INFO  c.w.warehouse.aspect.LoggingAspect - ==> METHOD: getAllWarehouses() COMPLETED IN: 15 ms
2026-05-09 18:18:12 [http-nio-8083-exec-10] INFO  c.w.warehouse.aspect.LoggingAspect - ==> API REQUEST: com.warehouse.warehouse.controller.WarehouseController.getAllWarehouses()
2026-05-09 18:18:12 [http-nio-8083-exec-10] INFO  c.w.warehouse.aspect.LoggingAspect - ==> SERVICE METHOD CALLED: com.warehouse.warehouse.service.WarehouseService.getAllWarehouses()
2026-05-09 18:18:12 [http-nio-8083-exec-10] INFO  c.w.warehouse.aspect.LoggingAspect - ==> METHOD: getAllWarehouses() COMPLETED IN: 30 ms
2026-05-09 18:18:19 [http-nio-8083-exec-4] INFO  c.w.warehouse.aspect.LoggingAspect - ==> API REQUEST: com.warehouse.warehouse.controller.WarehouseController.getAllWarehouses()
2026-05-09 18:18:19 [http-nio-8083-exec-4] INFO  c.w.warehouse.aspect.LoggingAspect - ==> SERVICE METHOD CALLED: com.warehouse.warehouse.service.WarehouseService.getAllWarehouses()
2026-05-09 18:18:19 [http-nio-8083-exec-4] INFO  c.w.warehouse.aspect.LoggingAspect - ==> METHOD: getAllWarehouses() COMPLETED IN: 9 ms
2026-05-09 18:18:23 [http-nio-8083-exec-5] INFO  c.w.warehouse.aspect.LoggingAspect - ==> API REQUEST: com.warehouse.warehouse.controller.WarehouseController.getAllWarehouses()
2026-05-09 18:18:23 [http-nio-8083-exec-5] INFO  c.w.warehouse.aspect.LoggingAspect - ==> SERVICE METHOD CALLED: com.warehouse.warehouse.service.WarehouseService.getAllWarehouses()
2026-05-09 18:18:23 [http-nio-8083-exec-5] INFO  c.w.warehouse.aspect.LoggingAspect - ==> METHOD: getAllWarehouses() COMPLETED IN: 123 ms
2026-05-09 18:18:45 [http-nio-8083-exec-6] INFO  c.w.warehouse.aspect.LoggingAspect - ==> API REQUEST: com.warehouse.warehouse.controller.WarehouseController.getAllWarehouses()
2026-05-09 18:18:45 [http-nio-8083-exec-6] INFO  c.w.warehouse.aspect.LoggingAspect - ==> SERVICE METHOD CALLED: com.warehouse.warehouse.service.WarehouseService.getAllWarehouses()
2026-05-09 18:18:45 [http-nio-8083-exec-6] INFO  c.w.warehouse.aspect.LoggingAspect - ==> METHOD: getAllWarehouses() COMPLETED IN: 188 ms
2026-05-09 18:29:43 [http-nio-8083-exec-2] INFO  c.w.warehouse.aspect.LoggingAspect - ==> API REQUEST: com.warehouse.warehouse.controller.WarehouseController.getAllWarehouses()
2026-05-09 18:29:43 [http-nio-8083-exec-2] INFO  c.w.warehouse.aspect.LoggingAspect - ==> SERVICE METHOD CALLED: com.warehouse.warehouse.service.WarehouseService.getAllWarehouses()
2026-05-09 18:29:44 [http-nio-8083-exec-2] INFO  c.w.warehouse.aspect.LoggingAspect - ==> METHOD: getAllWarehouses() COMPLETED IN: 626 ms
2026-05-09 18:30:21 [http-nio-8083-exec-3] INFO  c.w.warehouse.aspect.LoggingAspect - ==> API REQUEST: com.warehouse.warehouse.controller.WarehouseController.getAllWarehouses()
2026-05-09 18:30:21 [http-nio-8083-exec-3] INFO  c.w.warehouse.aspect.LoggingAspect - ==> SERVICE METHOD CALLED: com.warehouse.warehouse.service.WarehouseService.getAllWarehouses()
2026-05-09 18:30:22 [http-nio-8083-exec-3] INFO  c.w.warehouse.aspect.LoggingAspect - ==> METHOD: getAllWarehouses() COMPLETED IN: 454 ms
2026-05-09 18:30:27 [http-nio-8083-exec-7] INFO  c.w.warehouse.aspect.LoggingAspect - ==> API REQUEST: com.warehouse.warehouse.controller.WarehouseController.getAllWarehouses()
2026-05-09 18:30:27 [http-nio-8083-exec-7] INFO  c.w.warehouse.aspect.LoggingAspect - ==> SERVICE METHOD CALLED: com.warehouse.warehouse.service.WarehouseService.getAllWarehouses()
2026-05-09 18:30:27 [http-nio-8083-exec-7] INFO  c.w.warehouse.aspect.LoggingAspect - ==> METHOD: getAllWarehouses() COMPLETED IN: 14 ms
2026-05-09 18:32:30 [http-nio-8083-exec-9] INFO  c.w.warehouse.aspect.LoggingAspect - ==> API REQUEST: com.warehouse.warehouse.controller.WarehouseController.getAllWarehouses()
2026-05-09 18:32:30 [http-nio-8083-exec-9] INFO  c.w.warehouse.aspect.LoggingAspect - ==> SERVICE METHOD CALLED: com.warehouse.warehouse.service.WarehouseService.getAllWarehouses()
2026-05-09 18:32:31 [http-nio-8083-exec-9] INFO  c.w.warehouse.aspect.LoggingAspect - ==> METHOD: getAllWarehouses() COMPLETED IN: 491 ms
2026-05-09 18:33:19 [http-nio-8083-exec-10] INFO  c.w.warehouse.aspect.LoggingAspect - ==> API REQUEST: com.warehouse.warehouse.controller.WarehouseController.getAllWarehouses()
2026-05-09 18:33:19 [http-nio-8083-exec-10] INFO  c.w.warehouse.aspect.LoggingAspect - ==> SERVICE METHOD CALLED: com.warehouse.warehouse.service.WarehouseService.getAllWarehouses()
2026-05-09 18:33:19 [http-nio-8083-exec-10] INFO  c.w.warehouse.aspect.LoggingAspect - ==> METHOD: getAllWarehouses() COMPLETED IN: 10 ms
2026-05-09 18:38:50 [http-nio-8083-exec-5] INFO  c.w.warehouse.aspect.LoggingAspect - ==> API REQUEST: com.warehouse.warehouse.controller.WarehouseController.getAllWarehouses()
2026-05-09 18:38:50 [http-nio-8083-exec-5] INFO  c.w.warehouse.aspect.LoggingAspect - ==> SERVICE METHOD CALLED: com.warehouse.warehouse.service.WarehouseService.getAllWarehouses()
2026-05-09 18:38:51 [http-nio-8083-exec-5] INFO  c.w.warehouse.aspect.LoggingAspect - ==> METHOD: getAllWarehouses() COMPLETED IN: 1173 ms
2026-05-09 18:39:21 [http-nio-8083-exec-6] INFO  c.w.warehouse.aspect.LoggingAspect - ==> API REQUEST: com.warehouse.warehouse.controller.WarehouseController.getAllWarehouses()
2026-05-09 18:39:22 [http-nio-8083-exec-6] INFO  c.w.warehouse.aspect.LoggingAspect - ==> SERVICE METHOD CALLED: com.warehouse.warehouse.service.WarehouseService.getAllWarehouses()
2026-05-09 18:39:22 [http-nio-8083-exec-6] INFO  c.w.warehouse.aspect.LoggingAspect - ==> METHOD: getAllWarehouses() COMPLETED IN: 327 ms
2026-05-09 18:39:27 [http-nio-8083-exec-1] INFO  c.w.warehouse.aspect.LoggingAspect - ==> API REQUEST: com.warehouse.warehouse.controller.WarehouseController.getAllWarehouses()
2026-05-09 18:39:27 [http-nio-8083-exec-1] INFO  c.w.warehouse.aspect.LoggingAspect - ==> SERVICE METHOD CALLED: com.warehouse.warehouse.service.WarehouseService.getAllWarehouses()
2026-05-09 18:39:27 [http-nio-8083-exec-1] INFO  c.w.warehouse.aspect.LoggingAspect - ==> METHOD: getAllWarehouses() COMPLETED IN: 14 ms
2026-05-09 18:39:39 [http-nio-8083-exec-2] INFO  c.w.warehouse.aspect.LoggingAspect - ==> API REQUEST: com.warehouse.warehouse.controller.WarehouseController.getAllWarehouses()
2026-05-09 18:39:39 [http-nio-8083-exec-2] INFO  c.w.warehouse.aspect.LoggingAspect - ==> SERVICE METHOD CALLED: com.warehouse.warehouse.service.WarehouseService.getAllWarehouses()
2026-05-09 18:39:39 [http-nio-8083-exec-2] INFO  c.w.warehouse.aspect.LoggingAspect - ==> METHOD: getAllWarehouses() COMPLETED IN: 169 ms
2026-05-09 18:39:45 [http-nio-8083-exec-3] INFO  c.w.warehouse.aspect.LoggingAspect - ==> API REQUEST: com.warehouse.warehouse.controller.WarehouseController.getAllWarehouses()
2026-05-09 18:39:45 [http-nio-8083-exec-3] INFO  c.w.warehouse.aspect.LoggingAspect - ==> SERVICE METHOD CALLED: com.warehouse.warehouse.service.WarehouseService.getAllWarehouses()
2026-05-09 18:39:45 [http-nio-8083-exec-3] INFO  c.w.warehouse.aspect.LoggingAspect - ==> METHOD: getAllWarehouses() COMPLETED IN: 25 ms
2026-05-09 18:39:48 [http-nio-8083-exec-7] INFO  c.w.warehouse.aspect.LoggingAspect - ==> API REQUEST: com.warehouse.warehouse.controller.WarehouseController.getAllWarehouses()
2026-05-09 18:39:48 [http-nio-8083-exec-7] INFO  c.w.warehouse.aspect.LoggingAspect - ==> SERVICE METHOD CALLED: com.warehouse.warehouse.service.WarehouseService.getAllWarehouses()
2026-05-09 18:39:48 [http-nio-8083-exec-7] INFO  c.w.warehouse.aspect.LoggingAspect - ==> METHOD: getAllWarehouses() COMPLETED IN: 29 ms
2026-05-09 18:39:53 [http-nio-8083-exec-8] INFO  c.w.warehouse.aspect.LoggingAspect - ==> API REQUEST: com.warehouse.warehouse.controller.WarehouseController.getAllWarehouses()
2026-05-09 18:39:53 [http-nio-8083-exec-8] INFO  c.w.warehouse.aspect.LoggingAspect - ==> SERVICE METHOD CALLED: com.warehouse.warehouse.service.WarehouseService.getAllWarehouses()
2026-05-09 18:39:53 [http-nio-8083-exec-8] INFO  c.w.warehouse.aspect.LoggingAspect - ==> METHOD: getAllWarehouses() COMPLETED IN: 14 ms
2026-05-09 18:39:57 [http-nio-8083-exec-9] INFO  c.w.warehouse.aspect.LoggingAspect - ==> API REQUEST: com.warehouse.warehouse.controller.WarehouseController.getAllWarehouses()
2026-05-09 18:39:57 [http-nio-8083-exec-9] INFO  c.w.warehouse.aspect.LoggingAspect - ==> SERVICE METHOD CALLED: com.warehouse.warehouse.service.WarehouseService.getAllWarehouses()
2026-05-09 18:39:57 [http-nio-8083-exec-9] INFO  c.w.warehouse.aspect.LoggingAspect - ==> METHOD: getAllWarehouses() COMPLETED IN: 19 ms
2026-05-09 18:45:07 [http-nio-8083-exec-4] INFO  c.w.warehouse.aspect.LoggingAspect - ==> API REQUEST: com.warehouse.warehouse.controller.WarehouseController.getAllWarehouses()
2026-05-09 18:45:07 [http-nio-8083-exec-4] INFO  c.w.warehouse.aspect.LoggingAspect - ==> SERVICE METHOD CALLED: com.warehouse.warehouse.service.WarehouseService.getAllWarehouses()
2026-05-09 18:45:07 [http-nio-8083-exec-4] INFO  c.w.warehouse.aspect.LoggingAspect - ==> METHOD: getAllWarehouses() COMPLETED IN: 351 ms
2026-05-09 18:46:53 [http-nio-8083-exec-6] INFO  c.w.warehouse.aspect.LoggingAspect - ==> API REQUEST: com.warehouse.warehouse.controller.WarehouseController.getAllWarehouses()
2026-05-09 18:46:53 [http-nio-8083-exec-6] INFO  c.w.warehouse.aspect.LoggingAspect - ==> SERVICE METHOD CALLED: com.warehouse.warehouse.service.WarehouseService.getAllWarehouses()
2026-05-09 18:46:53 [http-nio-8083-exec-6] INFO  c.w.warehouse.aspect.LoggingAspect - ==> METHOD: getAllWarehouses() COMPLETED IN: 24 ms
2026-05-09 18:46:59 [http-nio-8083-exec-1] INFO  c.w.warehouse.aspect.LoggingAspect - ==> API REQUEST: com.warehouse.warehouse.controller.WarehouseController.getAllWarehouses()
2026-05-09 18:46:59 [http-nio-8083-exec-1] INFO  c.w.warehouse.aspect.LoggingAspect - ==> SERVICE METHOD CALLED: com.warehouse.warehouse.service.WarehouseService.getAllWarehouses()
2026-05-09 18:46:59 [http-nio-8083-exec-1] INFO  c.w.warehouse.aspect.LoggingAspect - ==> METHOD: getAllWarehouses() COMPLETED IN: 10 ms
2026-05-09 18:47:05 [http-nio-8083-exec-2] INFO  c.w.warehouse.aspect.LoggingAspect - ==> API REQUEST: com.warehouse.warehouse.controller.WarehouseController.getAllWarehouses()
2026-05-09 18:47:05 [http-nio-8083-exec-2] INFO  c.w.warehouse.aspect.LoggingAspect - ==> SERVICE METHOD CALLED: com.warehouse.warehouse.service.WarehouseService.getAllWarehouses()
2026-05-09 18:47:05 [http-nio-8083-exec-2] INFO  c.w.warehouse.aspect.LoggingAspect - ==> METHOD: getAllWarehouses() COMPLETED IN: 4 ms
2026-05-09 18:47:08 [http-nio-8083-exec-3] INFO  c.w.warehouse.aspect.LoggingAspect - ==> API REQUEST: com.warehouse.warehouse.controller.WarehouseController.getAllWarehouses()
2026-05-09 18:47:08 [http-nio-8083-exec-3] INFO  c.w.warehouse.aspect.LoggingAspect - ==> SERVICE METHOD CALLED: com.warehouse.warehouse.service.WarehouseService.getAllWarehouses()
2026-05-09 18:47:08 [http-nio-8083-exec-3] INFO  c.w.warehouse.aspect.LoggingAspect - ==> METHOD: getAllWarehouses() COMPLETED IN: 8 ms
2026-05-09 18:47:16 [http-nio-8083-exec-7] INFO  c.w.warehouse.aspect.LoggingAspect - ==> API REQUEST: com.warehouse.warehouse.controller.WarehouseController.getAllWarehouses()
2026-05-09 18:47:16 [http-nio-8083-exec-7] INFO  c.w.warehouse.aspect.LoggingAspect - ==> SERVICE METHOD CALLED: com.warehouse.warehouse.service.WarehouseService.getAllWarehouses()
2026-05-09 18:47:16 [http-nio-8083-exec-7] INFO  c.w.warehouse.aspect.LoggingAspect - ==> METHOD: getAllWarehouses() COMPLETED IN: 14 ms
