2026-04-22 20:03:25 [http-nio-8081-exec-1] INFO  c.w.auth.aspect.LoggingAspect - ==> API REQUEST: com.warehouse.auth.controller.AuthController.register()
2026-04-22 20:03:25 [http-nio-8081-exec-1] INFO  c.w.auth.aspect.LoggingAspect - ==> SERVICE METHOD CALLED: com.warehouse.auth.service.AuthService.register()
2026-04-22 20:03:27 [http-nio-8081-exec-1] INFO  c.w.auth.aspect.LoggingAspect - ==> METHOD: register() COMPLETED IN: 1677 ms
2026-04-22 20:05:52 [http-nio-8081-exec-3] INFO  c.w.auth.aspect.LoggingAspect - ==> API REQUEST: com.warehouse.auth.controller.AuthController.login()
2026-04-22 20:05:52 [http-nio-8081-exec-3] INFO  c.w.auth.aspect.LoggingAspect - ==> SERVICE METHOD CALLED: com.warehouse.auth.service.AuthService.login()
2026-04-22 20:05:53 [http-nio-8081-exec-3] INFO  c.w.auth.aspect.LoggingAspect - ==> METHOD: login() COMPLETED IN: 804 ms
2026-04-22 20:06:57 [http-nio-8081-exec-6] INFO  c.w.auth.aspect.LoggingAspect - ==> API REQUEST: com.warehouse.auth.controller.AuthController.login()
2026-04-22 20:06:57 [http-nio-8081-exec-6] INFO  c.w.auth.aspect.LoggingAspect - ==> SERVICE METHOD CALLED: com.warehouse.auth.service.AuthService.login()
2026-04-22 20:06:59 [http-nio-8081-exec-6] INFO  c.w.auth.aspect.LoggingAspect - ==> METHOD: login() COMPLETED IN: 1712 ms
2026-04-22 20:12:24 [http-nio-8081-exec-10] INFO  c.w.auth.aspect.LoggingAspect - ==> API REQUEST: com.warehouse.auth.controller.AuthController.register()
2026-04-22 20:12:24 [http-nio-8081-exec-10] INFO  c.w.auth.aspect.LoggingAspect - ==> SERVICE METHOD CALLED: com.warehouse.auth.service.AuthService.register()
2026-04-22 20:12:25 [http-nio-8081-exec-10] ERROR c.w.auth.aspect.LoggingAspect - ==> EXCEPTION IN: register() → ERROR: Username already exists!
2026-04-22 20:12:43 [http-nio-8081-exec-9] INFO  c.w.auth.aspect.LoggingAspect - ==> API REQUEST: com.warehouse.auth.controller.AuthController.login()
2026-04-22 20:12:43 [http-nio-8081-exec-9] INFO  c.w.auth.aspect.LoggingAspect - ==> SERVICE METHOD CALLED: com.warehouse.auth.service.AuthService.login()
2026-04-22 20:12:44 [http-nio-8081-exec-9] INFO  c.w.auth.aspect.LoggingAspect - ==> METHOD: login() COMPLETED IN: 420 ms
2026-04-22 20:14:03 [http-nio-8081-exec-8] INFO  c.w.auth.aspect.LoggingAspect - ==> API REQUEST: com.warehouse.auth.controller.AuthController.login()
2026-04-22 20:14:03 [http-nio-8081-exec-8] INFO  c.w.auth.aspect.LoggingAspect - ==> SERVICE METHOD CALLED: com.warehouse.auth.service.AuthService.login()
2026-04-22 20:14:03 [http-nio-8081-exec-8] INFO  c.w.auth.aspect.LoggingAspect - ==> METHOD: login() COMPLETED IN: 443 ms
2026-04-22 23:04:42 [http-nio-8081-exec-2] INFO  c.w.auth.aspect.LoggingAspect - ==> API REQUEST: com.warehouse.auth.controller.AuthController.login()
2026-04-22 23:04:42 [http-nio-8081-exec-2] INFO  c.w.auth.aspect.LoggingAspect - ==> SERVICE METHOD CALLED: com.warehouse.auth.service.AuthService.login()
2026-04-22 23:04:43 [http-nio-8081-exec-2] INFO  c.w.auth.aspect.LoggingAspect - ==> METHOD: login() COMPLETED IN: 1038 ms
2026-04-22 23:12:00 [http-nio-8081-exec-1] INFO  c.w.auth.aspect.LoggingAspect - ==> API REQUEST: com.warehouse.auth.controller.AuthController.login()
2026-04-22 23:12:00 [http-nio-8081-exec-1] INFO  c.w.auth.aspect.LoggingAspect - ==> SERVICE METHOD CALLED: com.warehouse.auth.service.AuthService.login()
2026-04-22 23:12:01 [http-nio-8081-exec-1] INFO  c.w.auth.aspect.LoggingAspect - ==> METHOD: login() COMPLETED IN: 1059 ms
2026-04-22 23:20:35 [http-nio-8081-exec-3] INFO  c.w.auth.aspect.LoggingAspect - ==> API REQUEST: com.warehouse.auth.controller.AuthController.login()
2026-04-22 23:20:35 [http-nio-8081-exec-3] INFO  c.w.auth.aspect.LoggingAspect - ==> SERVICE METHOD CALLED: com.warehouse.auth.service.AuthService.login()
2026-04-22 23:20:35 [http-nio-8081-exec-3] INFO  c.w.auth.aspect.LoggingAspect - ==> METHOD: login() COMPLETED IN: 362 ms
2026-04-22 23:21:19 [http-nio-8081-exec-5] INFO  c.w.auth.aspect.LoggingAspect - ==> API REQUEST: com.warehouse.auth.controller.AuthController.login()
2026-04-22 23:21:19 [http-nio-8081-exec-5] INFO  c.w.auth.aspect.LoggingAspect - ==> SERVICE METHOD CALLED: com.warehouse.auth.service.AuthService.login()
2026-04-22 23:21:20 [http-nio-8081-exec-5] INFO  c.w.auth.aspect.LoggingAspect - ==> METHOD: login() COMPLETED IN: 954 ms
