2026-05-04 10:54:33 [http-nio-8081-exec-1] INFO  c.w.auth.aspect.LoggingAspect - ==> API REQUEST: com.warehouse.auth.controller.AuthController.login()
2026-05-04 10:54:33 [http-nio-8081-exec-1] INFO  c.w.auth.aspect.LoggingAspect - ==> SERVICE METHOD CALLED: com.warehouse.auth.service.AuthService.login()
2026-05-04 10:54:35 [http-nio-8081-exec-1] INFO  c.w.auth.aspect.LoggingAspect - ==> METHOD: login() COMPLETED IN: 1626 ms
2026-05-08 09:37:24 [http-nio-8081-exec-1] INFO  c.w.auth.aspect.LoggingAspect - ==> API REQUEST: com.warehouse.auth.controller.AuthController.login()
2026-05-08 09:37:24 [http-nio-8081-exec-1] INFO  c.w.auth.aspect.LoggingAspect - ==> SERVICE METHOD CALLED: com.warehouse.auth.service.AuthService.login()
2026-05-08 09:37:25 [http-nio-8081-exec-1] INFO  c.w.auth.aspect.LoggingAspect - ==> METHOD: login() COMPLETED IN: 844 ms
2026-05-08 09:38:30 [http-nio-8081-exec-3] INFO  c.w.auth.aspect.LoggingAspect - ==> API REQUEST: com.warehouse.auth.controller.AuthController.login()
2026-05-08 09:38:30 [http-nio-8081-exec-3] INFO  c.w.auth.aspect.LoggingAspect - ==> SERVICE METHOD CALLED: com.warehouse.auth.service.AuthService.login()
2026-05-08 09:38:30 [http-nio-8081-exec-3] INFO  c.w.auth.aspect.LoggingAspect - ==> METHOD: login() COMPLETED IN: 250 ms
2026-05-08 09:44:05 [http-nio-8081-exec-5] INFO  c.w.auth.aspect.LoggingAspect - ==> API REQUEST: com.warehouse.auth.controller.AuthController.login()
2026-05-08 09:44:05 [http-nio-8081-exec-5] INFO  c.w.auth.aspect.LoggingAspect - ==> SERVICE METHOD CALLED: com.warehouse.auth.service.AuthService.login()
2026-05-08 09:44:05 [http-nio-8081-exec-5] INFO  c.w.auth.aspect.LoggingAspect - ==> METHOD: login() COMPLETED IN: 235 ms
2026-05-08 09:57:09 [http-nio-8081-exec-6] INFO  c.w.auth.aspect.LoggingAspect - ==> API REQUEST: com.warehouse.auth.controller.AuthController.login()
2026-05-08 09:57:09 [http-nio-8081-exec-6] INFO  c.w.auth.aspect.LoggingAspect - ==> SERVICE METHOD CALLED: com.warehouse.auth.service.AuthService.login()
2026-05-08 09:57:09 [http-nio-8081-exec-6] INFO  c.w.auth.aspect.LoggingAspect - ==> METHOD: login() COMPLETED IN: 301 ms
2026-05-08 10:01:50 [http-nio-8081-exec-10] INFO  c.w.auth.aspect.LoggingAspect - ==> API REQUEST: com.warehouse.auth.controller.AuthController.login()
2026-05-08 10:01:50 [http-nio-8081-exec-10] INFO  c.w.auth.aspect.LoggingAspect - ==> SERVICE METHOD CALLED: com.warehouse.auth.service.AuthService.login()
2026-05-08 10:01:50 [http-nio-8081-exec-10] INFO  c.w.auth.aspect.LoggingAspect - ==> METHOD: login() COMPLETED IN: 294 ms
2026-05-08 11:48:45 [main] ERROR c.w.auth.aspect.LoggingAspect - ==> EXCEPTION IN: login() → ERROR: Test error
2026-05-08 11:48:45 [main] INFO  c.w.auth.aspect.LoggingAspect - ==> API REQUEST: AuthController.login()
2026-05-08 11:48:45 [main] INFO  c.w.auth.aspect.LoggingAspect - ==> METHOD: login() COMPLETED IN: 1 ms
2026-05-08 11:48:45 [main] INFO  c.w.auth.aspect.LoggingAspect - ==> SERVICE METHOD CALLED: AuthService.login()
2026-05-08 12:43:26 [main] ERROR c.w.auth.aspect.LoggingAspect - ==> EXCEPTION IN: login() → ERROR: Test error
2026-05-08 12:43:26 [main] INFO  c.w.auth.aspect.LoggingAspect - ==> API REQUEST: AuthController.login()
2026-05-08 12:43:26 [main] INFO  c.w.auth.aspect.LoggingAspect - ==> METHOD: login() COMPLETED IN: 1 ms
2026-05-08 12:43:26 [main] INFO  c.w.auth.aspect.LoggingAspect - ==> SERVICE METHOD CALLED: AuthService.login()
2026-05-08 12:57:25 [http-nio-8081-exec-1] INFO  c.w.auth.aspect.LoggingAspect - ==> API REQUEST: com.warehouse.auth.controller.AuthController.login()
2026-05-08 12:57:25 [http-nio-8081-exec-1] INFO  c.w.auth.aspect.LoggingAspect - ==> SERVICE METHOD CALLED: com.warehouse.auth.service.AuthService.login()
2026-05-08 12:57:26 [http-nio-8081-exec-1] INFO  c.w.auth.aspect.LoggingAspect - ==> METHOD: login() COMPLETED IN: 853 ms
2026-05-08 13:03:39 [http-nio-8081-exec-3] INFO  c.w.auth.aspect.LoggingAspect - ==> API REQUEST: com.warehouse.auth.controller.AuthController.login()
2026-05-08 13:03:39 [http-nio-8081-exec-3] INFO  c.w.auth.aspect.LoggingAspect - ==> SERVICE METHOD CALLED: com.warehouse.auth.service.AuthService.login()
2026-05-08 13:03:40 [http-nio-8081-exec-3] INFO  c.w.auth.aspect.LoggingAspect - ==> METHOD: login() COMPLETED IN: 584 ms
2026-05-08 13:35:37 [http-nio-8081-exec-1] INFO  c.w.auth.aspect.LoggingAspect - ==> API REQUEST: com.warehouse.auth.controller.AuthController.login()
2026-05-08 13:35:37 [http-nio-8081-exec-1] INFO  c.w.auth.aspect.LoggingAspect - ==> SERVICE METHOD CALLED: com.warehouse.auth.service.AuthService.login()
2026-05-08 13:35:38 [http-nio-8081-exec-1] INFO  c.w.auth.aspect.LoggingAspect - ==> METHOD: login() COMPLETED IN: 1485 ms
2026-05-08 13:36:19 [http-nio-8081-exec-2] INFO  c.w.auth.aspect.LoggingAspect - ==> API REQUEST: com.warehouse.auth.controller.AuthController.login()
2026-05-08 13:36:19 [http-nio-8081-exec-2] INFO  c.w.auth.aspect.LoggingAspect - ==> SERVICE METHOD CALLED: com.warehouse.auth.service.AuthService.login()
2026-05-08 13:36:19 [http-nio-8081-exec-2] INFO  c.w.auth.aspect.LoggingAspect - ==> METHOD: login() COMPLETED IN: 645 ms
2026-05-08 13:41:21 [http-nio-8081-exec-4] INFO  c.w.auth.aspect.LoggingAspect - ==> API REQUEST: com.warehouse.auth.controller.AuthController.login()
2026-05-08 13:41:21 [http-nio-8081-exec-4] INFO  c.w.auth.aspect.LoggingAspect - ==> SERVICE METHOD CALLED: com.warehouse.auth.service.AuthService.login()
2026-05-08 13:41:21 [http-nio-8081-exec-4] INFO  c.w.auth.aspect.LoggingAspect - ==> METHOD: login() COMPLETED IN: 493 ms
2026-05-08 13:42:18 [http-nio-8081-exec-6] INFO  c.w.auth.aspect.LoggingAspect - ==> API REQUEST: com.warehouse.auth.controller.AuthController.login()
2026-05-08 13:42:18 [http-nio-8081-exec-6] INFO  c.w.auth.aspect.LoggingAspect - ==> SERVICE METHOD CALLED: com.warehouse.auth.service.AuthService.login()
2026-05-08 13:42:19 [http-nio-8081-exec-6] INFO  c.w.auth.aspect.LoggingAspect - ==> METHOD: login() COMPLETED IN: 240 ms
2026-05-08 23:59:23 [http-nio-8081-exec-1] INFO  c.w.auth.aspect.LoggingAspect - ==> API REQUEST: com.warehouse.auth.controller.AuthController.login()
2026-05-08 23:59:23 [http-nio-8081-exec-1] INFO  c.w.auth.aspect.LoggingAspect - ==> SERVICE METHOD CALLED: com.warehouse.auth.service.AuthService.login()
2026-05-08 23:59:27 [http-nio-8081-exec-1] INFO  c.w.auth.aspect.LoggingAspect - ==> METHOD: login() COMPLETED IN: 3291 ms
