2026-04-28 00:33:20 [http-nio-8081-exec-1] INFO  c.w.auth.aspect.LoggingAspect - ==> API REQUEST: com.warehouse.auth.controller.AuthController.login()
2026-04-28 00:33:20 [http-nio-8081-exec-1] INFO  c.w.auth.aspect.LoggingAspect - ==> SERVICE METHOD CALLED: com.warehouse.auth.service.AuthService.login()
2026-04-28 00:33:21 [http-nio-8081-exec-1] INFO  c.w.auth.aspect.LoggingAspect - ==> METHOD: login() COMPLETED IN: 1105 ms
2026-04-28 11:50:36 [http-nio-8081-exec-1] INFO  c.w.auth.aspect.LoggingAspect - ==> API REQUEST: com.warehouse.auth.controller.AuthController.login()
2026-04-28 11:50:36 [http-nio-8081-exec-1] INFO  c.w.auth.aspect.LoggingAspect - ==> SERVICE METHOD CALLED: com.warehouse.auth.service.AuthService.login()
2026-04-28 11:50:38 [http-nio-8081-exec-1] INFO  c.w.auth.aspect.LoggingAspect - ==> METHOD: login() COMPLETED IN: 2398 ms
2026-04-28 11:53:48 [http-nio-8081-exec-3] INFO  c.w.auth.aspect.LoggingAspect - ==> API REQUEST: com.warehouse.auth.controller.AuthController.login()
2026-04-28 11:53:48 [http-nio-8081-exec-3] INFO  c.w.auth.aspect.LoggingAspect - ==> SERVICE METHOD CALLED: com.warehouse.auth.service.AuthService.login()
2026-04-28 11:53:50 [http-nio-8081-exec-3] INFO  c.w.auth.aspect.LoggingAspect - ==> METHOD: login() COMPLETED IN: 1395 ms
2026-04-28 11:58:24 [http-nio-8081-exec-5] INFO  c.w.auth.aspect.LoggingAspect - ==> API REQUEST: com.warehouse.auth.controller.AuthController.login()
2026-04-28 11:58:24 [http-nio-8081-exec-5] INFO  c.w.auth.aspect.LoggingAspect - ==> SERVICE METHOD CALLED: com.warehouse.auth.service.AuthService.login()
2026-04-28 11:58:27 [http-nio-8081-exec-5] ERROR c.w.auth.aspect.LoggingAspect - ==> EXCEPTION IN: login() → ERROR: Bad credentials
2026-04-28 12:00:00 [http-nio-8081-exec-6] INFO  c.w.auth.aspect.LoggingAspect - ==> API REQUEST: com.warehouse.auth.controller.AuthController.login()
2026-04-28 12:00:00 [http-nio-8081-exec-6] INFO  c.w.auth.aspect.LoggingAspect - ==> SERVICE METHOD CALLED: com.warehouse.auth.service.AuthService.login()
2026-04-28 12:00:01 [http-nio-8081-exec-6] INFO  c.w.auth.aspect.LoggingAspect - ==> METHOD: login() COMPLETED IN: 877 ms
2026-04-28 12:01:32 [http-nio-8081-exec-8] INFO  c.w.auth.aspect.LoggingAspect - ==> API REQUEST: com.warehouse.auth.controller.AuthController.login()
2026-04-28 12:01:32 [http-nio-8081-exec-8] INFO  c.w.auth.aspect.LoggingAspect - ==> SERVICE METHOD CALLED: com.warehouse.auth.service.AuthService.login()
2026-04-28 12:01:32 [http-nio-8081-exec-8] INFO  c.w.auth.aspect.LoggingAspect - ==> METHOD: login() COMPLETED IN: 488 ms
2026-04-28 12:02:18 [http-nio-8081-exec-9] INFO  c.w.auth.aspect.LoggingAspect - ==> API REQUEST: com.warehouse.auth.controller.AuthController.register()
2026-04-28 12:02:18 [http-nio-8081-exec-9] INFO  c.w.auth.aspect.LoggingAspect - ==> SERVICE METHOD CALLED: com.warehouse.auth.service.AuthService.register()
2026-04-28 12:02:19 [http-nio-8081-exec-9] ERROR c.w.auth.aspect.LoggingAspect - ==> EXCEPTION IN: register() → ERROR: Username already exists!
2026-04-28 12:02:35 [http-nio-8081-exec-10] INFO  c.w.auth.aspect.LoggingAspect - ==> API REQUEST: com.warehouse.auth.controller.AuthController.login()
2026-04-28 12:02:35 [http-nio-8081-exec-10] INFO  c.w.auth.aspect.LoggingAspect - ==> SERVICE METHOD CALLED: com.warehouse.auth.service.AuthService.login()
2026-04-28 12:02:36 [http-nio-8081-exec-10] INFO  c.w.auth.aspect.LoggingAspect - ==> METHOD: login() COMPLETED IN: 992 ms
2026-04-28 12:10:53 [http-nio-8081-exec-3] INFO  c.w.auth.aspect.LoggingAspect - ==> API REQUEST: com.warehouse.auth.controller.AuthController.login()
2026-04-28 12:10:53 [http-nio-8081-exec-3] INFO  c.w.auth.aspect.LoggingAspect - ==> SERVICE METHOD CALLED: com.warehouse.auth.service.AuthService.login()
2026-04-28 12:10:53 [http-nio-8081-exec-3] INFO  c.w.auth.aspect.LoggingAspect - ==> METHOD: login() COMPLETED IN: 825 ms
2026-04-28 12:16:18 [http-nio-8081-exec-5] INFO  c.w.auth.aspect.LoggingAspect - ==> API REQUEST: com.warehouse.auth.controller.AuthController.login()
2026-04-28 12:16:18 [http-nio-8081-exec-5] INFO  c.w.auth.aspect.LoggingAspect - ==> SERVICE METHOD CALLED: com.warehouse.auth.service.AuthService.login()
2026-04-28 12:16:18 [http-nio-8081-exec-5] INFO  c.w.auth.aspect.LoggingAspect - ==> METHOD: login() COMPLETED IN: 260 ms
2026-04-28 12:19:55 [http-nio-8081-exec-7] INFO  c.w.auth.aspect.LoggingAspect - ==> API REQUEST: com.warehouse.auth.controller.AuthController.login()
2026-04-28 12:19:55 [http-nio-8081-exec-7] INFO  c.w.auth.aspect.LoggingAspect - ==> SERVICE METHOD CALLED: com.warehouse.auth.service.AuthService.login()
2026-04-28 12:19:55 [http-nio-8081-exec-7] INFO  c.w.auth.aspect.LoggingAspect - ==> METHOD: login() COMPLETED IN: 322 ms
2026-04-28 12:24:23 [http-nio-8081-exec-9] INFO  c.w.auth.aspect.LoggingAspect - ==> API REQUEST: com.warehouse.auth.controller.AuthController.login()
2026-04-28 12:24:23 [http-nio-8081-exec-9] INFO  c.w.auth.aspect.LoggingAspect - ==> SERVICE METHOD CALLED: com.warehouse.auth.service.AuthService.login()
2026-04-28 12:24:23 [http-nio-8081-exec-9] INFO  c.w.auth.aspect.LoggingAspect - ==> METHOD: login() COMPLETED IN: 370 ms
2026-04-28 12:27:02 [http-nio-8081-exec-1] INFO  c.w.auth.aspect.LoggingAspect - ==> API REQUEST: com.warehouse.auth.controller.AuthController.login()
2026-04-28 12:27:02 [http-nio-8081-exec-1] INFO  c.w.auth.aspect.LoggingAspect - ==> SERVICE METHOD CALLED: com.warehouse.auth.service.AuthService.login()
2026-04-28 12:27:03 [http-nio-8081-exec-1] INFO  c.w.auth.aspect.LoggingAspect - ==> METHOD: login() COMPLETED IN: 632 ms
2026-04-28 12:28:37 [http-nio-8081-exec-3] INFO  c.w.auth.aspect.LoggingAspect - ==> API REQUEST: com.warehouse.auth.controller.AuthController.login()
2026-04-28 12:28:37 [http-nio-8081-exec-3] INFO  c.w.auth.aspect.LoggingAspect - ==> SERVICE METHOD CALLED: com.warehouse.auth.service.AuthService.login()
2026-04-28 12:28:38 [http-nio-8081-exec-3] INFO  c.w.auth.aspect.LoggingAspect - ==> METHOD: login() COMPLETED IN: 157 ms
2026-04-28 12:29:55 [http-nio-8081-exec-5] INFO  c.w.auth.aspect.LoggingAspect - ==> API REQUEST: com.warehouse.auth.controller.AuthController.login()
2026-04-28 12:29:55 [http-nio-8081-exec-5] INFO  c.w.auth.aspect.LoggingAspect - ==> SERVICE METHOD CALLED: com.warehouse.auth.service.AuthService.login()
2026-04-28 12:29:55 [http-nio-8081-exec-5] INFO  c.w.auth.aspect.LoggingAspect - ==> METHOD: login() COMPLETED IN: 447 ms
2026-04-28 12:30:12 [http-nio-8081-exec-6] INFO  c.w.auth.aspect.LoggingAspect - ==> API REQUEST: com.warehouse.auth.controller.AuthController.login()
2026-04-28 12:30:12 [http-nio-8081-exec-6] INFO  c.w.auth.aspect.LoggingAspect - ==> SERVICE METHOD CALLED: com.warehouse.auth.service.AuthService.login()
2026-04-28 12:30:12 [http-nio-8081-exec-6] INFO  c.w.auth.aspect.LoggingAspect - ==> METHOD: login() COMPLETED IN: 258 ms
2026-04-28 12:37:47 [http-nio-8081-exec-2] INFO  c.w.auth.aspect.LoggingAspect - ==> API REQUEST: com.warehouse.auth.controller.AuthController.login()
2026-04-28 12:37:47 [http-nio-8081-exec-2] INFO  c.w.auth.aspect.LoggingAspect - ==> SERVICE METHOD CALLED: com.warehouse.auth.service.AuthService.login()
2026-04-28 12:37:48 [http-nio-8081-exec-2] INFO  c.w.auth.aspect.LoggingAspect - ==> METHOD: login() COMPLETED IN: 978 ms
2026-04-28 12:40:49 [http-nio-8081-exec-3] INFO  c.w.auth.aspect.LoggingAspect - ==> API REQUEST: com.warehouse.auth.controller.AuthController.login()
2026-04-28 12:40:49 [http-nio-8081-exec-3] INFO  c.w.auth.aspect.LoggingAspect - ==> SERVICE METHOD CALLED: com.warehouse.auth.service.AuthService.login()
2026-04-28 12:40:50 [http-nio-8081-exec-3] INFO  c.w.auth.aspect.LoggingAspect - ==> METHOD: login() COMPLETED IN: 699 ms
2026-04-28 12:43:08 [http-nio-8081-exec-5] INFO  c.w.auth.aspect.LoggingAspect - ==> API REQUEST: com.warehouse.auth.controller.AuthController.login()
2026-04-28 12:43:08 [http-nio-8081-exec-5] INFO  c.w.auth.aspect.LoggingAspect - ==> SERVICE METHOD CALLED: com.warehouse.auth.service.AuthService.login()
2026-04-28 12:43:08 [http-nio-8081-exec-5] INFO  c.w.auth.aspect.LoggingAspect - ==> METHOD: login() COMPLETED IN: 364 ms
2026-04-28 12:44:02 [http-nio-8081-exec-6] INFO  c.w.auth.aspect.LoggingAspect - ==> API REQUEST: com.warehouse.auth.controller.AuthController.login()
2026-04-28 12:44:02 [http-nio-8081-exec-6] INFO  c.w.auth.aspect.LoggingAspect - ==> SERVICE METHOD CALLED: com.warehouse.auth.service.AuthService.login()
2026-04-28 12:44:02 [http-nio-8081-exec-6] INFO  c.w.auth.aspect.LoggingAspect - ==> METHOD: login() COMPLETED IN: 164 ms
2026-04-28 12:46:51 [http-nio-8081-exec-8] INFO  c.w.auth.aspect.LoggingAspect - ==> API REQUEST: com.warehouse.auth.controller.AuthController.login()
2026-04-28 12:46:51 [http-nio-8081-exec-8] INFO  c.w.auth.aspect.LoggingAspect - ==> SERVICE METHOD CALLED: com.warehouse.auth.service.AuthService.login()
2026-04-28 12:46:51 [http-nio-8081-exec-8] INFO  c.w.auth.aspect.LoggingAspect - ==> METHOD: login() COMPLETED IN: 359 ms
2026-04-28 13:00:40 [http-nio-8081-exec-1] INFO  c.w.auth.aspect.LoggingAspect - ==> API REQUEST: com.warehouse.auth.controller.AuthController.login()
2026-04-28 13:00:40 [http-nio-8081-exec-1] INFO  c.w.auth.aspect.LoggingAspect - ==> SERVICE METHOD CALLED: com.warehouse.auth.service.AuthService.login()
2026-04-28 13:00:41 [http-nio-8081-exec-1] INFO  c.w.auth.aspect.LoggingAspect - ==> METHOD: login() COMPLETED IN: 1024 ms
2026-04-28 13:05:54 [http-nio-8081-exec-3] INFO  c.w.auth.aspect.LoggingAspect - ==> API REQUEST: com.warehouse.auth.controller.AuthController.login()
2026-04-28 13:05:54 [http-nio-8081-exec-3] INFO  c.w.auth.aspect.LoggingAspect - ==> SERVICE METHOD CALLED: com.warehouse.auth.service.AuthService.login()
2026-04-28 13:05:54 [http-nio-8081-exec-3] INFO  c.w.auth.aspect.LoggingAspect - ==> METHOD: login() COMPLETED IN: 412 ms
2026-04-28 13:10:14 [http-nio-8081-exec-5] INFO  c.w.auth.aspect.LoggingAspect - ==> API REQUEST: com.warehouse.auth.controller.AuthController.login()
2026-04-28 13:10:14 [http-nio-8081-exec-5] INFO  c.w.auth.aspect.LoggingAspect - ==> SERVICE METHOD CALLED: com.warehouse.auth.service.AuthService.login()
2026-04-28 13:10:15 [http-nio-8081-exec-5] INFO  c.w.auth.aspect.LoggingAspect - ==> METHOD: login() COMPLETED IN: 533 ms
2026-04-28 13:17:55 [http-nio-8081-exec-7] INFO  c.w.auth.aspect.LoggingAspect - ==> API REQUEST: com.warehouse.auth.controller.AuthController.login()
2026-04-28 13:17:55 [http-nio-8081-exec-7] INFO  c.w.auth.aspect.LoggingAspect - ==> SERVICE METHOD CALLED: com.warehouse.auth.service.AuthService.login()
2026-04-28 13:17:56 [http-nio-8081-exec-7] INFO  c.w.auth.aspect.LoggingAspect - ==> METHOD: login() COMPLETED IN: 447 ms
2026-04-28 13:28:40 [http-nio-8081-exec-9] INFO  c.w.auth.aspect.LoggingAspect - ==> API REQUEST: com.warehouse.auth.controller.AuthController.login()
2026-04-28 13:28:40 [http-nio-8081-exec-9] INFO  c.w.auth.aspect.LoggingAspect - ==> SERVICE METHOD CALLED: com.warehouse.auth.service.AuthService.login()
2026-04-28 13:28:41 [http-nio-8081-exec-9] INFO  c.w.auth.aspect.LoggingAspect - ==> METHOD: login() COMPLETED IN: 902 ms
2026-04-28 13:30:51 [http-nio-8081-exec-1] INFO  c.w.auth.aspect.LoggingAspect - ==> API REQUEST: com.warehouse.auth.controller.AuthController.login()
2026-04-28 13:30:51 [http-nio-8081-exec-1] INFO  c.w.auth.aspect.LoggingAspect - ==> SERVICE METHOD CALLED: com.warehouse.auth.service.AuthService.login()
2026-04-28 13:30:52 [http-nio-8081-exec-1] INFO  c.w.auth.aspect.LoggingAspect - ==> METHOD: login() COMPLETED IN: 484 ms
2026-04-28 13:31:48 [http-nio-8081-exec-2] INFO  c.w.auth.aspect.LoggingAspect - ==> API REQUEST: com.warehouse.auth.controller.AuthController.login()
2026-04-28 13:31:48 [http-nio-8081-exec-2] INFO  c.w.auth.aspect.LoggingAspect - ==> SERVICE METHOD CALLED: com.warehouse.auth.service.AuthService.login()
2026-04-28 13:31:48 [http-nio-8081-exec-2] INFO  c.w.auth.aspect.LoggingAspect - ==> METHOD: login() COMPLETED IN: 398 ms
2026-04-28 13:33:34 [http-nio-8081-exec-4] INFO  c.w.auth.aspect.LoggingAspect - ==> API REQUEST: com.warehouse.auth.controller.AuthController.login()
2026-04-28 13:33:34 [http-nio-8081-exec-4] INFO  c.w.auth.aspect.LoggingAspect - ==> SERVICE METHOD CALLED: com.warehouse.auth.service.AuthService.login()
2026-04-28 13:33:35 [http-nio-8081-exec-4] INFO  c.w.auth.aspect.LoggingAspect - ==> METHOD: login() COMPLETED IN: 496 ms
2026-04-28 13:38:46 [http-nio-8081-exec-6] INFO  c.w.auth.aspect.LoggingAspect - ==> API REQUEST: com.warehouse.auth.controller.AuthController.login()
2026-04-28 13:38:46 [http-nio-8081-exec-6] INFO  c.w.auth.aspect.LoggingAspect - ==> SERVICE METHOD CALLED: com.warehouse.auth.service.AuthService.login()
2026-04-28 13:38:47 [http-nio-8081-exec-6] INFO  c.w.auth.aspect.LoggingAspect - ==> METHOD: login() COMPLETED IN: 408 ms
2026-04-28 13:39:52 [http-nio-8081-exec-8] INFO  c.w.auth.aspect.LoggingAspect - ==> API REQUEST: com.warehouse.auth.controller.AuthController.login()
2026-04-28 13:39:52 [http-nio-8081-exec-8] INFO  c.w.auth.aspect.LoggingAspect - ==> SERVICE METHOD CALLED: com.warehouse.auth.service.AuthService.login()
2026-04-28 13:39:52 [http-nio-8081-exec-8] INFO  c.w.auth.aspect.LoggingAspect - ==> METHOD: login() COMPLETED IN: 173 ms
2026-04-28 13:40:10 [http-nio-8081-exec-9] INFO  c.w.auth.aspect.LoggingAspect - ==> API REQUEST: com.warehouse.auth.controller.AuthController.login()
2026-04-28 13:40:10 [http-nio-8081-exec-9] INFO  c.w.auth.aspect.LoggingAspect - ==> SERVICE METHOD CALLED: com.warehouse.auth.service.AuthService.login()
2026-04-28 13:40:10 [http-nio-8081-exec-9] INFO  c.w.auth.aspect.LoggingAspect - ==> METHOD: login() COMPLETED IN: 151 ms
2026-04-28 13:40:48 [http-nio-8081-exec-10] INFO  c.w.auth.aspect.LoggingAspect - ==> API REQUEST: com.warehouse.auth.controller.AuthController.login()
2026-04-28 13:40:48 [http-nio-8081-exec-10] INFO  c.w.auth.aspect.LoggingAspect - ==> SERVICE METHOD CALLED: com.warehouse.auth.service.AuthService.login()
2026-04-28 13:40:48 [http-nio-8081-exec-10] INFO  c.w.auth.aspect.LoggingAspect - ==> METHOD: login() COMPLETED IN: 174 ms
2026-04-28 14:24:00 [http-nio-8081-exec-2] INFO  c.w.auth.aspect.LoggingAspect - ==> API REQUEST: com.warehouse.auth.controller.AuthController.login()
2026-04-28 14:24:00 [http-nio-8081-exec-2] INFO  c.w.auth.aspect.LoggingAspect - ==> SERVICE METHOD CALLED: com.warehouse.auth.service.AuthService.login()
2026-04-28 14:24:00 [http-nio-8081-exec-2] INFO  c.w.auth.aspect.LoggingAspect - ==> METHOD: login() COMPLETED IN: 577 ms
2026-04-28 14:45:50 [main] ERROR c.w.auth.aspect.LoggingAspect - ==> EXCEPTION IN: login() → ERROR: Test error
2026-04-28 14:45:50 [main] INFO  c.w.auth.aspect.LoggingAspect - ==> API REQUEST: AuthController.login()
2026-04-28 14:45:50 [main] INFO  c.w.auth.aspect.LoggingAspect - ==> METHOD: login() COMPLETED IN: 0 ms
2026-04-28 14:45:50 [main] INFO  c.w.auth.aspect.LoggingAspect - ==> SERVICE METHOD CALLED: AuthService.login()
2026-04-28 15:15:58 [http-nio-8081-exec-2] INFO  c.w.auth.aspect.LoggingAspect - ==> API REQUEST: com.warehouse.auth.controller.AuthController.login()
2026-04-28 15:15:58 [http-nio-8081-exec-2] INFO  c.w.auth.aspect.LoggingAspect - ==> SERVICE METHOD CALLED: com.warehouse.auth.service.AuthService.login()
2026-04-28 15:15:59 [http-nio-8081-exec-2] ERROR c.w.auth.aspect.LoggingAspect - ==> EXCEPTION IN: login() → ERROR: Bad credentials
2026-04-28 15:16:15 [http-nio-8081-exec-4] INFO  c.w.auth.aspect.LoggingAspect - ==> API REQUEST: com.warehouse.auth.controller.AuthController.login()
2026-04-28 15:16:15 [http-nio-8081-exec-4] INFO  c.w.auth.aspect.LoggingAspect - ==> SERVICE METHOD CALLED: com.warehouse.auth.service.AuthService.login()
2026-04-28 15:16:16 [http-nio-8081-exec-4] ERROR c.w.auth.aspect.LoggingAspect - ==> EXCEPTION IN: login() → ERROR: Bad credentials
2026-04-28 15:16:21 [http-nio-8081-exec-3] INFO  c.w.auth.aspect.LoggingAspect - ==> API REQUEST: com.warehouse.auth.controller.AuthController.login()
2026-04-28 15:16:21 [http-nio-8081-exec-3] INFO  c.w.auth.aspect.LoggingAspect - ==> SERVICE METHOD CALLED: com.warehouse.auth.service.AuthService.login()
2026-04-28 15:16:22 [http-nio-8081-exec-3] ERROR c.w.auth.aspect.LoggingAspect - ==> EXCEPTION IN: login() → ERROR: Bad credentials
2026-04-28 15:16:44 [http-nio-8081-exec-5] INFO  c.w.auth.aspect.LoggingAspect - ==> API REQUEST: com.warehouse.auth.controller.AuthController.register()
2026-04-28 15:16:44 [http-nio-8081-exec-5] INFO  c.w.auth.aspect.LoggingAspect - ==> SERVICE METHOD CALLED: com.warehouse.auth.service.AuthService.register()
2026-04-28 15:16:44 [http-nio-8081-exec-5] ERROR c.w.auth.aspect.LoggingAspect - ==> EXCEPTION IN: register() → ERROR: Username already exists!
2026-04-28 15:18:17 [http-nio-8081-exec-7] INFO  c.w.auth.aspect.LoggingAspect - ==> API REQUEST: com.warehouse.auth.controller.AuthController.register()
2026-04-28 15:18:17 [http-nio-8081-exec-7] INFO  c.w.auth.aspect.LoggingAspect - ==> SERVICE METHOD CALLED: com.warehouse.auth.service.AuthService.register()
2026-04-28 15:18:18 [http-nio-8081-exec-7] INFO  c.w.auth.aspect.LoggingAspect - ==> METHOD: register() COMPLETED IN: 1149 ms
2026-04-28 15:19:50 [http-nio-8081-exec-9] INFO  c.w.auth.aspect.LoggingAspect - ==> API REQUEST: com.warehouse.auth.controller.AuthController.login()
2026-04-28 15:19:50 [http-nio-8081-exec-9] INFO  c.w.auth.aspect.LoggingAspect - ==> SERVICE METHOD CALLED: com.warehouse.auth.service.AuthService.login()
2026-04-28 15:19:51 [http-nio-8081-exec-9] INFO  c.w.auth.aspect.LoggingAspect - ==> METHOD: login() COMPLETED IN: 1083 ms
2026-04-28 15:21:44 [http-nio-8081-exec-10] INFO  c.w.auth.aspect.LoggingAspect - ==> API REQUEST: com.warehouse.auth.controller.AuthController.login()
2026-04-28 15:21:44 [http-nio-8081-exec-10] INFO  c.w.auth.aspect.LoggingAspect - ==> SERVICE METHOD CALLED: com.warehouse.auth.service.AuthService.login()
2026-04-28 15:21:44 [http-nio-8081-exec-10] INFO  c.w.auth.aspect.LoggingAspect - ==> METHOD: login() COMPLETED IN: 261 ms
2026-04-28 19:21:02 [http-nio-8081-exec-1] INFO  c.w.auth.aspect.LoggingAspect - ==> API REQUEST: com.warehouse.auth.controller.AuthController.login()
2026-04-28 19:21:02 [http-nio-8081-exec-1] INFO  c.w.auth.aspect.LoggingAspect - ==> SERVICE METHOD CALLED: com.warehouse.auth.service.AuthService.login()
2026-04-28 19:21:03 [http-nio-8081-exec-1] INFO  c.w.auth.aspect.LoggingAspect - ==> METHOD: login() COMPLETED IN: 1162 ms
