2026-04-28 00:33:24 [http-nio-8082-exec-1] INFO  c.w.product.aspect.LoggingAspect - ==> API REQUEST: com.warehouse.product.controller.ProductController.getAllProducts()
2026-04-28 00:33:24 [http-nio-8082-exec-1] INFO  c.w.product.aspect.LoggingAspect - ==> SERVICE METHOD CALLED: com.warehouse.product.service.ProductService.getAllProducts()
2026-04-28 00:33:26 [http-nio-8082-exec-1] INFO  c.w.product.aspect.LoggingAspect - ==> METHOD: getAllProducts() COMPLETED IN: 1807 ms
2026-04-28 00:33:36 [http-nio-8082-exec-2] INFO  c.w.product.aspect.LoggingAspect - ==> API REQUEST: com.warehouse.product.controller.ProductController.getAllProducts()
2026-04-28 00:33:36 [http-nio-8082-exec-2] INFO  c.w.product.aspect.LoggingAspect - ==> SERVICE METHOD CALLED: com.warehouse.product.service.ProductService.getAllProducts()
2026-04-28 00:33:36 [http-nio-8082-exec-2] INFO  c.w.product.aspect.LoggingAspect - ==> METHOD: getAllProducts() COMPLETED IN: 16 ms
2026-04-28 13:00:45 [http-nio-8082-exec-2] INFO  c.w.product.aspect.LoggingAspect - ==> API REQUEST: com.warehouse.product.controller.ProductController.getAllProducts()
2026-04-28 13:00:45 [http-nio-8082-exec-2] INFO  c.w.product.aspect.LoggingAspect - ==> SERVICE METHOD CALLED: com.warehouse.product.service.ProductService.getAllProducts()
2026-04-28 13:00:46 [http-nio-8082-exec-2] INFO  c.w.product.aspect.LoggingAspect - ==> METHOD: getAllProducts() COMPLETED IN: 1415 ms
2026-04-28 13:02:54 [http-nio-8082-exec-1] INFO  c.w.product.aspect.LoggingAspect - ==> API REQUEST: com.warehouse.product.controller.ProductController.getAllProducts()
2026-04-28 13:02:54 [http-nio-8082-exec-1] INFO  c.w.product.aspect.LoggingAspect - ==> SERVICE METHOD CALLED: com.warehouse.product.service.ProductService.getAllProducts()
2026-04-28 13:02:54 [http-nio-8082-exec-1] INFO  c.w.product.aspect.LoggingAspect - ==> METHOD: getAllProducts() COMPLETED IN: 264 ms
2026-04-28 13:02:59 [http-nio-8082-exec-3] INFO  c.w.product.aspect.LoggingAspect - ==> API REQUEST: com.warehouse.product.controller.ProductController.getAllProducts()
2026-04-28 13:02:59 [http-nio-8082-exec-3] INFO  c.w.product.aspect.LoggingAspect - ==> SERVICE METHOD CALLED: com.warehouse.product.service.ProductService.getAllProducts()
2026-04-28 13:02:59 [http-nio-8082-exec-3] INFO  c.w.product.aspect.LoggingAspect - ==> METHOD: getAllProducts() COMPLETED IN: 34 ms
2026-04-28 13:05:29 [http-nio-8082-exec-6] INFO  c.w.product.aspect.LoggingAspect - ==> API REQUEST: com.warehouse.product.controller.ProductController.getAllProducts()
2026-04-28 13:05:29 [http-nio-8082-exec-6] INFO  c.w.product.aspect.LoggingAspect - ==> SERVICE METHOD CALLED: com.warehouse.product.service.ProductService.getAllProducts()
2026-04-28 13:05:30 [http-nio-8082-exec-6] INFO  c.w.product.aspect.LoggingAspect - ==> METHOD: getAllProducts() COMPLETED IN: 1248 ms
2026-04-28 13:05:55 [http-nio-8082-exec-9] INFO  c.w.product.aspect.LoggingAspect - ==> API REQUEST: com.warehouse.product.controller.ProductController.getAllProducts()
2026-04-28 13:05:55 [http-nio-8082-exec-9] INFO  c.w.product.aspect.LoggingAspect - ==> SERVICE METHOD CALLED: com.warehouse.product.service.ProductService.getAllProducts()
2026-04-28 13:05:55 [http-nio-8082-exec-9] INFO  c.w.product.aspect.LoggingAspect - ==> METHOD: getAllProducts() COMPLETED IN: 288 ms
2026-04-28 13:09:39 [http-nio-8082-exec-7] INFO  c.w.product.aspect.LoggingAspect - ==> API REQUEST: com.warehouse.product.controller.ProductController.getAllProducts()
2026-04-28 13:09:39 [http-nio-8082-exec-7] INFO  c.w.product.aspect.LoggingAspect - ==> SERVICE METHOD CALLED: com.warehouse.product.service.ProductService.getAllProducts()
2026-04-28 13:09:40 [http-nio-8082-exec-7] INFO  c.w.product.aspect.LoggingAspect - ==> METHOD: getAllProducts() COMPLETED IN: 1194 ms
2026-04-28 13:10:15 [http-nio-8082-exec-10] INFO  c.w.product.aspect.LoggingAspect - ==> API REQUEST: com.warehouse.product.controller.ProductController.getAllProducts()
2026-04-28 13:10:15 [http-nio-8082-exec-10] INFO  c.w.product.aspect.LoggingAspect - ==> SERVICE METHOD CALLED: com.warehouse.product.service.ProductService.getAllProducts()
2026-04-28 13:10:16 [http-nio-8082-exec-10] INFO  c.w.product.aspect.LoggingAspect - ==> METHOD: getAllProducts() COMPLETED IN: 401 ms
2026-04-28 13:15:06 [http-nio-8082-exec-5] INFO  c.w.product.aspect.LoggingAspect - ==> API REQUEST: com.warehouse.product.controller.ProductController.getAllProducts()
2026-04-28 13:15:06 [http-nio-8082-exec-5] INFO  c.w.product.aspect.LoggingAspect - ==> SERVICE METHOD CALLED: com.warehouse.product.service.ProductService.getAllProducts()
2026-04-28 13:15:07 [http-nio-8082-exec-5] INFO  c.w.product.aspect.LoggingAspect - ==> METHOD: getAllProducts() COMPLETED IN: 789 ms
2026-04-28 13:15:12 [http-nio-8082-exec-1] INFO  c.w.product.aspect.LoggingAspect - ==> API REQUEST: com.warehouse.product.controller.ProductController.getAllProducts()
2026-04-28 13:15:12 [http-nio-8082-exec-1] INFO  c.w.product.aspect.LoggingAspect - ==> SERVICE METHOD CALLED: com.warehouse.product.service.ProductService.getAllProducts()
2026-04-28 13:15:12 [http-nio-8082-exec-1] INFO  c.w.product.aspect.LoggingAspect - ==> METHOD: getAllProducts() COMPLETED IN: 43 ms
2026-04-28 13:17:05 [http-nio-8082-exec-4] INFO  c.w.product.aspect.LoggingAspect - ==> API REQUEST: com.warehouse.product.controller.ProductController.getAllProducts()
2026-04-28 13:17:05 [http-nio-8082-exec-4] INFO  c.w.product.aspect.LoggingAspect - ==> SERVICE METHOD CALLED: com.warehouse.product.service.ProductService.getAllProducts()
2026-04-28 13:17:06 [http-nio-8082-exec-4] INFO  c.w.product.aspect.LoggingAspect - ==> METHOD: getAllProducts() COMPLETED IN: 1180 ms
2026-04-28 13:17:56 [http-nio-8082-exec-6] INFO  c.w.product.aspect.LoggingAspect - ==> API REQUEST: com.warehouse.product.controller.ProductController.getAllProducts()
2026-04-28 13:17:56 [http-nio-8082-exec-6] INFO  c.w.product.aspect.LoggingAspect - ==> SERVICE METHOD CALLED: com.warehouse.product.service.ProductService.getAllProducts()
2026-04-28 13:17:57 [http-nio-8082-exec-6] INFO  c.w.product.aspect.LoggingAspect - ==> METHOD: getAllProducts() COMPLETED IN: 634 ms
2026-04-28 13:27:26 [http-nio-8082-exec-8] INFO  c.w.product.aspect.LoggingAspect - ==> API REQUEST: com.warehouse.product.controller.ProductController.getAllProducts()
2026-04-28 13:27:26 [http-nio-8082-exec-8] INFO  c.w.product.aspect.LoggingAspect - ==> SERVICE METHOD CALLED: com.warehouse.product.service.ProductService.getAllProducts()
2026-04-28 13:27:27 [http-nio-8082-exec-8] INFO  c.w.product.aspect.LoggingAspect - ==> METHOD: getAllProducts() COMPLETED IN: 905 ms
2026-04-28 13:28:42 [http-nio-8082-exec-10] INFO  c.w.product.aspect.LoggingAspect - ==> API REQUEST: com.warehouse.product.controller.ProductController.getAllProducts()
2026-04-28 13:28:42 [http-nio-8082-exec-10] INFO  c.w.product.aspect.LoggingAspect - ==> SERVICE METHOD CALLED: com.warehouse.product.service.ProductService.getAllProducts()
2026-04-28 13:28:42 [http-nio-8082-exec-10] INFO  c.w.product.aspect.LoggingAspect - ==> METHOD: getAllProducts() COMPLETED IN: 496 ms
2026-04-28 13:30:32 [http-nio-8082-exec-5] INFO  c.w.product.aspect.LoggingAspect - ==> API REQUEST: com.warehouse.product.controller.ProductController.getAllProducts()
2026-04-28 13:30:32 [http-nio-8082-exec-5] INFO  c.w.product.aspect.LoggingAspect - ==> SERVICE METHOD CALLED: com.warehouse.product.service.ProductService.getAllProducts()
2026-04-28 13:30:32 [http-nio-8082-exec-5] INFO  c.w.product.aspect.LoggingAspect - ==> METHOD: getAllProducts() COMPLETED IN: 247 ms
2026-04-28 13:30:33 [http-nio-8082-exec-1] INFO  c.w.product.aspect.LoggingAspect - ==> API REQUEST: com.warehouse.product.controller.ProductController.getAllProducts()
2026-04-28 13:30:33 [http-nio-8082-exec-1] INFO  c.w.product.aspect.LoggingAspect - ==> SERVICE METHOD CALLED: com.warehouse.product.service.ProductService.getAllProducts()
2026-04-28 13:30:33 [http-nio-8082-exec-1] INFO  c.w.product.aspect.LoggingAspect - ==> METHOD: getAllProducts() COMPLETED IN: 13 ms
2026-04-28 13:30:52 [http-nio-8082-exec-3] INFO  c.w.product.aspect.LoggingAspect - ==> API REQUEST: com.warehouse.product.controller.ProductController.getAllProducts()
2026-04-28 13:30:52 [http-nio-8082-exec-3] INFO  c.w.product.aspect.LoggingAspect - ==> SERVICE METHOD CALLED: com.warehouse.product.service.ProductService.getAllProducts()
2026-04-28 13:30:52 [http-nio-8082-exec-3] INFO  c.w.product.aspect.LoggingAspect - ==> METHOD: getAllProducts() COMPLETED IN: 18 ms
2026-04-28 13:31:48 [http-nio-8082-exec-4] INFO  c.w.product.aspect.LoggingAspect - ==> API REQUEST: com.warehouse.product.controller.ProductController.getAllProducts()
2026-04-28 13:31:48 [http-nio-8082-exec-4] INFO  c.w.product.aspect.LoggingAspect - ==> SERVICE METHOD CALLED: com.warehouse.product.service.ProductService.getAllProducts()
2026-04-28 13:31:49 [http-nio-8082-exec-4] INFO  c.w.product.aspect.LoggingAspect - ==> METHOD: getAllProducts() COMPLETED IN: 257 ms
2026-04-28 13:33:35 [http-nio-8082-exec-9] INFO  c.w.product.aspect.LoggingAspect - ==> API REQUEST: com.warehouse.product.controller.ProductController.getAllProducts()
2026-04-28 13:33:35 [http-nio-8082-exec-9] INFO  c.w.product.aspect.LoggingAspect - ==> SERVICE METHOD CALLED: com.warehouse.product.service.ProductService.getAllProducts()
2026-04-28 13:33:35 [http-nio-8082-exec-9] INFO  c.w.product.aspect.LoggingAspect - ==> METHOD: getAllProducts() COMPLETED IN: 257 ms
2026-04-28 13:33:36 [http-nio-8082-exec-8] INFO  c.w.product.aspect.LoggingAspect - ==> API REQUEST: com.warehouse.product.controller.ProductController.getAllProducts()
2026-04-28 13:33:36 [http-nio-8082-exec-8] INFO  c.w.product.aspect.LoggingAspect - ==> SERVICE METHOD CALLED: com.warehouse.product.service.ProductService.getAllProducts()
2026-04-28 13:33:36 [http-nio-8082-exec-8] INFO  c.w.product.aspect.LoggingAspect - ==> METHOD: getAllProducts() COMPLETED IN: 12 ms
2026-04-28 13:33:49 [http-nio-8082-exec-7] INFO  c.w.product.aspect.LoggingAspect - ==> API REQUEST: com.warehouse.product.controller.ProductController.getAllProducts()
2026-04-28 13:33:49 [http-nio-8082-exec-7] INFO  c.w.product.aspect.LoggingAspect - ==> SERVICE METHOD CALLED: com.warehouse.product.service.ProductService.getAllProducts()
2026-04-28 13:33:49 [http-nio-8082-exec-7] INFO  c.w.product.aspect.LoggingAspect - ==> METHOD: getAllProducts() COMPLETED IN: 9 ms
2026-04-28 13:34:13 [http-nio-8082-exec-10] INFO  c.w.product.aspect.LoggingAspect - ==> API REQUEST: com.warehouse.product.controller.ProductController.getAllProducts()
2026-04-28 13:34:13 [http-nio-8082-exec-10] INFO  c.w.product.aspect.LoggingAspect - ==> SERVICE METHOD CALLED: com.warehouse.product.service.ProductService.getAllProducts()
2026-04-28 13:34:13 [http-nio-8082-exec-10] INFO  c.w.product.aspect.LoggingAspect - ==> METHOD: getAllProducts() COMPLETED IN: 16 ms
2026-04-28 13:34:36 [http-nio-8082-exec-2] INFO  c.w.product.aspect.LoggingAspect - ==> API REQUEST: com.warehouse.product.controller.ProductController.getAllProducts()
2026-04-28 13:34:36 [http-nio-8082-exec-2] INFO  c.w.product.aspect.LoggingAspect - ==> SERVICE METHOD CALLED: com.warehouse.product.service.ProductService.getAllProducts()
2026-04-28 13:34:36 [http-nio-8082-exec-2] INFO  c.w.product.aspect.LoggingAspect - ==> METHOD: getAllProducts() COMPLETED IN: 16 ms
2026-04-28 13:36:30 [http-nio-8082-exec-1] INFO  c.w.product.aspect.LoggingAspect - ==> API REQUEST: com.warehouse.product.controller.ProductController.createProduct()
2026-04-28 13:36:30 [http-nio-8082-exec-1] INFO  c.w.product.aspect.LoggingAspect - ==> SERVICE METHOD CALLED: com.warehouse.product.service.ProductService.createProduct()
2026-04-28 13:36:31 [http-nio-8082-exec-1] INFO  c.w.product.aspect.LoggingAspect - ==> METHOD: createProduct() COMPLETED IN: 1057 ms
2026-04-28 13:36:31 [http-nio-8082-exec-3] INFO  c.w.product.aspect.LoggingAspect - ==> API REQUEST: com.warehouse.product.controller.ProductController.getAllProducts()
2026-04-28 13:36:31 [http-nio-8082-exec-3] INFO  c.w.product.aspect.LoggingAspect - ==> SERVICE METHOD CALLED: com.warehouse.product.service.ProductService.getAllProducts()
2026-04-28 13:36:31 [http-nio-8082-exec-3] INFO  c.w.product.aspect.LoggingAspect - ==> METHOD: getAllProducts() COMPLETED IN: 60 ms
2026-04-28 13:37:14 [http-nio-8082-exec-4] INFO  c.w.product.aspect.LoggingAspect - ==> API REQUEST: com.warehouse.product.controller.ProductController.getAllProducts()
2026-04-28 13:37:14 [http-nio-8082-exec-4] INFO  c.w.product.aspect.LoggingAspect - ==> SERVICE METHOD CALLED: com.warehouse.product.service.ProductService.getAllProducts()
2026-04-28 13:37:14 [http-nio-8082-exec-4] INFO  c.w.product.aspect.LoggingAspect - ==> METHOD: getAllProducts() COMPLETED IN: 71 ms
2026-04-28 13:37:25 [http-nio-8082-exec-6] INFO  c.w.product.aspect.LoggingAspect - ==> API REQUEST: com.warehouse.product.controller.ProductController.updateProduct()
2026-04-28 13:37:25 [http-nio-8082-exec-6] INFO  c.w.product.aspect.LoggingAspect - ==> SERVICE METHOD CALLED: com.warehouse.product.service.ProductService.updateProduct()
2026-04-28 13:37:25 [http-nio-8082-exec-6] INFO  c.w.product.aspect.LoggingAspect - ==> METHOD: updateProduct() COMPLETED IN: 169 ms
2026-04-28 13:37:25 [http-nio-8082-exec-9] INFO  c.w.product.aspect.LoggingAspect - ==> API REQUEST: com.warehouse.product.controller.ProductController.getAllProducts()
2026-04-28 13:37:25 [http-nio-8082-exec-9] INFO  c.w.product.aspect.LoggingAspect - ==> SERVICE METHOD CALLED: com.warehouse.product.service.ProductService.getAllProducts()
2026-04-28 13:37:25 [http-nio-8082-exec-9] INFO  c.w.product.aspect.LoggingAspect - ==> METHOD: getAllProducts() COMPLETED IN: 8 ms
2026-04-28 13:38:26 [http-nio-8082-exec-7] INFO  c.w.product.aspect.LoggingAspect - ==> API REQUEST: com.warehouse.product.controller.ProductController.getAllProducts()
2026-04-28 13:38:26 [http-nio-8082-exec-7] INFO  c.w.product.aspect.LoggingAspect - ==> SERVICE METHOD CALLED: com.warehouse.product.service.ProductService.getAllProducts()
2026-04-28 13:38:26 [http-nio-8082-exec-7] INFO  c.w.product.aspect.LoggingAspect - ==> METHOD: getAllProducts() COMPLETED IN: 244 ms
2026-04-28 13:38:47 [http-nio-8082-exec-10] INFO  c.w.product.aspect.LoggingAspect - ==> API REQUEST: com.warehouse.product.controller.ProductController.getAllProducts()
2026-04-28 13:38:47 [http-nio-8082-exec-10] INFO  c.w.product.aspect.LoggingAspect - ==> SERVICE METHOD CALLED: com.warehouse.product.service.ProductService.getAllProducts()
2026-04-28 13:38:47 [http-nio-8082-exec-10] INFO  c.w.product.aspect.LoggingAspect - ==> METHOD: getAllProducts() COMPLETED IN: 13 ms
2026-04-28 13:38:59 [http-nio-8082-exec-2] INFO  c.w.product.aspect.LoggingAspect - ==> API REQUEST: com.warehouse.product.controller.ProductController.getAllProducts()
2026-04-28 13:38:59 [http-nio-8082-exec-2] INFO  c.w.product.aspect.LoggingAspect - ==> SERVICE METHOD CALLED: com.warehouse.product.service.ProductService.getAllProducts()
2026-04-28 13:38:59 [http-nio-8082-exec-2] INFO  c.w.product.aspect.LoggingAspect - ==> METHOD: getAllProducts() COMPLETED IN: 22 ms
2026-04-28 13:39:52 [http-nio-8082-exec-5] INFO  c.w.product.aspect.LoggingAspect - ==> API REQUEST: com.warehouse.product.controller.ProductController.getAllProducts()
2026-04-28 13:39:52 [http-nio-8082-exec-5] INFO  c.w.product.aspect.LoggingAspect - ==> SERVICE METHOD CALLED: com.warehouse.product.service.ProductService.getAllProducts()
2026-04-28 13:39:52 [http-nio-8082-exec-5] INFO  c.w.product.aspect.LoggingAspect - ==> METHOD: getAllProducts() COMPLETED IN: 9 ms
2026-04-28 13:40:10 [http-nio-8082-exec-1] INFO  c.w.product.aspect.LoggingAspect - ==> API REQUEST: com.warehouse.product.controller.ProductController.getAllProducts()
2026-04-28 13:40:10 [http-nio-8082-exec-1] INFO  c.w.product.aspect.LoggingAspect - ==> SERVICE METHOD CALLED: com.warehouse.product.service.ProductService.getAllProducts()
2026-04-28 13:40:10 [http-nio-8082-exec-1] INFO  c.w.product.aspect.LoggingAspect - ==> METHOD: getAllProducts() COMPLETED IN: 13 ms
2026-04-28 13:40:27 [http-nio-8082-exec-3] INFO  c.w.product.aspect.LoggingAspect - ==> API REQUEST: com.warehouse.product.controller.ProductController.updateProduct()
2026-04-28 13:40:27 [http-nio-8082-exec-3] INFO  c.w.product.aspect.LoggingAspect - ==> SERVICE METHOD CALLED: com.warehouse.product.service.ProductService.updateProduct()
2026-04-28 13:40:27 [http-nio-8082-exec-3] INFO  c.w.product.aspect.LoggingAspect - ==> METHOD: updateProduct() COMPLETED IN: 63 ms
2026-04-28 13:40:27 [http-nio-8082-exec-4] INFO  c.w.product.aspect.LoggingAspect - ==> API REQUEST: com.warehouse.product.controller.ProductController.getAllProducts()
2026-04-28 13:40:27 [http-nio-8082-exec-4] INFO  c.w.product.aspect.LoggingAspect - ==> SERVICE METHOD CALLED: com.warehouse.product.service.ProductService.getAllProducts()
2026-04-28 13:40:27 [http-nio-8082-exec-4] INFO  c.w.product.aspect.LoggingAspect - ==> METHOD: getAllProducts() COMPLETED IN: 8 ms
2026-04-28 13:40:48 [http-nio-8082-exec-6] INFO  c.w.product.aspect.LoggingAspect - ==> API REQUEST: com.warehouse.product.controller.ProductController.getAllProducts()
2026-04-28 13:40:48 [http-nio-8082-exec-6] INFO  c.w.product.aspect.LoggingAspect - ==> SERVICE METHOD CALLED: com.warehouse.product.service.ProductService.getAllProducts()
2026-04-28 13:40:48 [http-nio-8082-exec-6] INFO  c.w.product.aspect.LoggingAspect - ==> METHOD: getAllProducts() COMPLETED IN: 7 ms
2026-04-28 13:40:48 [http-nio-8082-exec-9] INFO  c.w.product.aspect.LoggingAspect - ==> API REQUEST: com.warehouse.product.controller.ProductController.getAllProducts()
2026-04-28 13:40:48 [http-nio-8082-exec-9] INFO  c.w.product.aspect.LoggingAspect - ==> SERVICE METHOD CALLED: com.warehouse.product.service.ProductService.getAllProducts()
2026-04-28 13:40:48 [http-nio-8082-exec-9] INFO  c.w.product.aspect.LoggingAspect - ==> METHOD: getAllProducts() COMPLETED IN: 24 ms
2026-04-28 13:43:11 [http-nio-8082-exec-7] INFO  c.w.product.aspect.LoggingAspect - ==> API REQUEST: com.warehouse.product.controller.ProductController.getAllProducts()
2026-04-28 13:43:11 [http-nio-8082-exec-7] INFO  c.w.product.aspect.LoggingAspect - ==> SERVICE METHOD CALLED: com.warehouse.product.service.ProductService.getAllProducts()
2026-04-28 13:43:11 [http-nio-8082-exec-7] INFO  c.w.product.aspect.LoggingAspect - ==> METHOD: getAllProducts() COMPLETED IN: 183 ms
2026-04-28 14:07:56 [http-nio-8082-exec-2] INFO  c.w.product.aspect.LoggingAspect - ==> API REQUEST: com.warehouse.product.controller.ProductController.getAllProducts()
2026-04-28 14:07:56 [http-nio-8082-exec-2] INFO  c.w.product.aspect.LoggingAspect - ==> SERVICE METHOD CALLED: com.warehouse.product.service.ProductService.getAllProducts()
2026-04-28 14:07:56 [http-nio-8082-exec-2] INFO  c.w.product.aspect.LoggingAspect - ==> METHOD: getAllProducts() COMPLETED IN: 269 ms
2026-04-28 14:24:01 [http-nio-8082-exec-1] INFO  c.w.product.aspect.LoggingAspect - ==> API REQUEST: com.warehouse.product.controller.ProductController.getAllProducts()
2026-04-28 14:24:01 [http-nio-8082-exec-1] INFO  c.w.product.aspect.LoggingAspect - ==> SERVICE METHOD CALLED: com.warehouse.product.service.ProductService.getAllProducts()
2026-04-28 14:24:02 [http-nio-8082-exec-1] INFO  c.w.product.aspect.LoggingAspect - ==> METHOD: getAllProducts() COMPLETED IN: 766 ms
2026-04-28 14:24:55 [http-nio-8082-exec-3] INFO  c.w.product.aspect.LoggingAspect - ==> API REQUEST: com.warehouse.product.controller.ProductController.getAllProducts()
2026-04-28 14:24:55 [http-nio-8082-exec-3] INFO  c.w.product.aspect.LoggingAspect - ==> SERVICE METHOD CALLED: com.warehouse.product.service.ProductService.getAllProducts()
2026-04-28 14:24:55 [http-nio-8082-exec-3] INFO  c.w.product.aspect.LoggingAspect - ==> METHOD: getAllProducts() COMPLETED IN: 530 ms
2026-04-28 15:19:54 [http-nio-8082-exec-1] INFO  c.w.product.aspect.LoggingAspect - ==> API REQUEST: com.warehouse.product.controller.ProductController.getAllProducts()
2026-04-28 15:19:54 [http-nio-8082-exec-1] INFO  c.w.product.aspect.LoggingAspect - ==> SERVICE METHOD CALLED: com.warehouse.product.service.ProductService.getAllProducts()
2026-04-28 15:19:56 [http-nio-8082-exec-1] INFO  c.w.product.aspect.LoggingAspect - ==> METHOD: getAllProducts() COMPLETED IN: 2000 ms
2026-04-28 15:19:57 [http-nio-8082-exec-2] INFO  c.w.product.aspect.LoggingAspect - ==> API REQUEST: com.warehouse.product.controller.ProductController.getAllProducts()
2026-04-28 15:19:57 [http-nio-8082-exec-2] INFO  c.w.product.aspect.LoggingAspect - ==> SERVICE METHOD CALLED: com.warehouse.product.service.ProductService.getAllProducts()
2026-04-28 15:19:57 [http-nio-8082-exec-2] INFO  c.w.product.aspect.LoggingAspect - ==> METHOD: getAllProducts() COMPLETED IN: 33 ms
2026-04-28 15:20:02 [http-nio-8082-exec-4] INFO  c.w.product.aspect.LoggingAspect - ==> API REQUEST: com.warehouse.product.controller.ProductController.getAllProducts()
2026-04-28 15:20:02 [http-nio-8082-exec-4] INFO  c.w.product.aspect.LoggingAspect - ==> SERVICE METHOD CALLED: com.warehouse.product.service.ProductService.getAllProducts()
2026-04-28 15:20:02 [http-nio-8082-exec-4] INFO  c.w.product.aspect.LoggingAspect - ==> METHOD: getAllProducts() COMPLETED IN: 10 ms
2026-04-28 15:20:16 [http-nio-8082-exec-5] INFO  c.w.product.aspect.LoggingAspect - ==> API REQUEST: com.warehouse.product.controller.ProductController.getAllProducts()
2026-04-28 15:20:16 [http-nio-8082-exec-5] INFO  c.w.product.aspect.LoggingAspect - ==> SERVICE METHOD CALLED: com.warehouse.product.service.ProductService.getAllProducts()
2026-04-28 15:20:16 [http-nio-8082-exec-5] INFO  c.w.product.aspect.LoggingAspect - ==> METHOD: getAllProducts() COMPLETED IN: 10 ms
2026-04-28 15:21:08 [http-nio-8082-exec-3] INFO  c.w.product.aspect.LoggingAspect - ==> API REQUEST: com.warehouse.product.controller.ProductController.createProduct()
2026-04-28 15:21:08 [http-nio-8082-exec-3] INFO  c.w.product.aspect.LoggingAspect - ==> SERVICE METHOD CALLED: com.warehouse.product.service.ProductService.createProduct()
2026-04-28 15:21:09 [http-nio-8082-exec-3] INFO  c.w.product.aspect.LoggingAspect - ==> METHOD: createProduct() COMPLETED IN: 318 ms
2026-04-28 15:21:09 [http-nio-8082-exec-6] INFO  c.w.product.aspect.LoggingAspect - ==> API REQUEST: com.warehouse.product.controller.ProductController.getAllProducts()
2026-04-28 15:21:09 [http-nio-8082-exec-6] INFO  c.w.product.aspect.LoggingAspect - ==> SERVICE METHOD CALLED: com.warehouse.product.service.ProductService.getAllProducts()
2026-04-28 15:21:09 [http-nio-8082-exec-6] INFO  c.w.product.aspect.LoggingAspect - ==> METHOD: getAllProducts() COMPLETED IN: 21 ms
2026-04-28 15:21:44 [http-nio-8082-exec-7] INFO  c.w.product.aspect.LoggingAspect - ==> API REQUEST: com.warehouse.product.controller.ProductController.getAllProducts()
2026-04-28 15:21:44 [http-nio-8082-exec-7] INFO  c.w.product.aspect.LoggingAspect - ==> SERVICE METHOD CALLED: com.warehouse.product.service.ProductService.getAllProducts()
2026-04-28 15:21:44 [http-nio-8082-exec-7] INFO  c.w.product.aspect.LoggingAspect - ==> METHOD: getAllProducts() COMPLETED IN: 15 ms
2026-04-28 19:21:05 [http-nio-8082-exec-1] INFO  c.w.product.aspect.LoggingAspect - ==> API REQUEST: com.warehouse.product.controller.ProductController.getAllProducts()
2026-04-28 19:21:05 [http-nio-8082-exec-1] INFO  c.w.product.aspect.LoggingAspect - ==> SERVICE METHOD CALLED: com.warehouse.product.service.ProductService.getAllProducts()
2026-04-28 19:21:06 [http-nio-8082-exec-1] INFO  c.w.product.aspect.LoggingAspect - ==> METHOD: getAllProducts() COMPLETED IN: 1339 ms
