2026-04-28 00:33:24 [http-nio-8084-exec-1] INFO  c.w.employee.aspect.LoggingAspect - ==> API REQUEST: com.warehouse.employee.controller.EmployeeController.getAllEmployees()
2026-04-28 00:33:24 [http-nio-8084-exec-1] INFO  c.w.employee.aspect.LoggingAspect - ==> SERVICE METHOD CALLED: com.warehouse.employee.service.EmployeeService.getAllEmployees()
2026-04-28 00:33:26 [http-nio-8084-exec-1] INFO  c.w.employee.aspect.LoggingAspect - ==> METHOD: getAllEmployees() COMPLETED IN: 1762 ms
2026-04-28 00:33:38 [http-nio-8084-exec-2] INFO  c.w.employee.aspect.LoggingAspect - ==> API REQUEST: com.warehouse.employee.controller.EmployeeController.getAllEmployees()
2026-04-28 00:33:38 [http-nio-8084-exec-2] INFO  c.w.employee.aspect.LoggingAspect - ==> SERVICE METHOD CALLED: com.warehouse.employee.service.EmployeeService.getAllEmployees()
2026-04-28 00:33:38 [http-nio-8084-exec-2] INFO  c.w.employee.aspect.LoggingAspect - ==> METHOD: getAllEmployees() COMPLETED IN: 15 ms
2026-04-28 13:00:44 [http-nio-8084-exec-1] INFO  c.w.employee.aspect.LoggingAspect - ==> API REQUEST: com.warehouse.employee.controller.EmployeeController.getAllEmployees()
2026-04-28 13:00:44 [http-nio-8084-exec-1] INFO  c.w.employee.aspect.LoggingAspect - ==> SERVICE METHOD CALLED: com.warehouse.employee.service.EmployeeService.getAllEmployees()
2026-04-28 13:00:46 [http-nio-8084-exec-1] INFO  c.w.employee.aspect.LoggingAspect - ==> METHOD: getAllEmployees() COMPLETED IN: 1301 ms
2026-04-28 13:02:54 [http-nio-8084-exec-5] INFO  c.w.employee.aspect.LoggingAspect - ==> API REQUEST: com.warehouse.employee.controller.EmployeeController.getAllEmployees()
2026-04-28 13:02:54 [http-nio-8084-exec-5] INFO  c.w.employee.aspect.LoggingAspect - ==> SERVICE METHOD CALLED: com.warehouse.employee.service.EmployeeService.getAllEmployees()
2026-04-28 13:02:54 [http-nio-8084-exec-5] INFO  c.w.employee.aspect.LoggingAspect - ==> METHOD: getAllEmployees() COMPLETED IN: 242 ms
2026-04-28 13:02:59 [http-nio-8084-exec-4] INFO  c.w.employee.aspect.LoggingAspect - ==> API REQUEST: com.warehouse.employee.controller.EmployeeController.getAllEmployees()
2026-04-28 13:02:59 [http-nio-8084-exec-4] INFO  c.w.employee.aspect.LoggingAspect - ==> SERVICE METHOD CALLED: com.warehouse.employee.service.EmployeeService.getAllEmployees()
2026-04-28 13:02:59 [http-nio-8084-exec-4] INFO  c.w.employee.aspect.LoggingAspect - ==> METHOD: getAllEmployees() COMPLETED IN: 16 ms
2026-04-28 13:05:29 [http-nio-8084-exec-6] INFO  c.w.employee.aspect.LoggingAspect - ==> API REQUEST: com.warehouse.employee.controller.EmployeeController.getAllEmployees()
2026-04-28 13:05:29 [http-nio-8084-exec-6] INFO  c.w.employee.aspect.LoggingAspect - ==> SERVICE METHOD CALLED: com.warehouse.employee.service.EmployeeService.getAllEmployees()
2026-04-28 13:05:30 [http-nio-8084-exec-6] INFO  c.w.employee.aspect.LoggingAspect - ==> METHOD: getAllEmployees() COMPLETED IN: 1168 ms
2026-04-28 13:05:55 [http-nio-8084-exec-7] INFO  c.w.employee.aspect.LoggingAspect - ==> API REQUEST: com.warehouse.employee.controller.EmployeeController.getAllEmployees()
2026-04-28 13:05:55 [http-nio-8084-exec-7] INFO  c.w.employee.aspect.LoggingAspect - ==> SERVICE METHOD CALLED: com.warehouse.employee.service.EmployeeService.getAllEmployees()
2026-04-28 13:05:55 [http-nio-8084-exec-7] INFO  c.w.employee.aspect.LoggingAspect - ==> METHOD: getAllEmployees() COMPLETED IN: 219 ms
2026-04-28 13:09:39 [http-nio-8084-exec-9] INFO  c.w.employee.aspect.LoggingAspect - ==> API REQUEST: com.warehouse.employee.controller.EmployeeController.getAllEmployees()
2026-04-28 13:09:39 [http-nio-8084-exec-9] INFO  c.w.employee.aspect.LoggingAspect - ==> SERVICE METHOD CALLED: com.warehouse.employee.service.EmployeeService.getAllEmployees()
2026-04-28 13:09:40 [http-nio-8084-exec-9] INFO  c.w.employee.aspect.LoggingAspect - ==> METHOD: getAllEmployees() COMPLETED IN: 1030 ms
2026-04-28 13:10:15 [http-nio-8084-exec-10] INFO  c.w.employee.aspect.LoggingAspect - ==> API REQUEST: com.warehouse.employee.controller.EmployeeController.getAllEmployees()
2026-04-28 13:10:15 [http-nio-8084-exec-10] INFO  c.w.employee.aspect.LoggingAspect - ==> SERVICE METHOD CALLED: com.warehouse.employee.service.EmployeeService.getAllEmployees()
2026-04-28 13:10:16 [http-nio-8084-exec-10] INFO  c.w.employee.aspect.LoggingAspect - ==> METHOD: getAllEmployees() COMPLETED IN: 387 ms
2026-04-28 13:15:06 [http-nio-8084-exec-2] INFO  c.w.employee.aspect.LoggingAspect - ==> API REQUEST: com.warehouse.employee.controller.EmployeeController.getAllEmployees()
2026-04-28 13:15:06 [http-nio-8084-exec-2] INFO  c.w.employee.aspect.LoggingAspect - ==> SERVICE METHOD CALLED: com.warehouse.employee.service.EmployeeService.getAllEmployees()
2026-04-28 13:15:07 [http-nio-8084-exec-2] INFO  c.w.employee.aspect.LoggingAspect - ==> METHOD: getAllEmployees() COMPLETED IN: 731 ms
2026-04-28 13:15:12 [http-nio-8084-exec-5] INFO  c.w.employee.aspect.LoggingAspect - ==> API REQUEST: com.warehouse.employee.controller.EmployeeController.getAllEmployees()
2026-04-28 13:15:12 [http-nio-8084-exec-5] INFO  c.w.employee.aspect.LoggingAspect - ==> SERVICE METHOD CALLED: com.warehouse.employee.service.EmployeeService.getAllEmployees()
2026-04-28 13:15:12 [http-nio-8084-exec-5] INFO  c.w.employee.aspect.LoggingAspect - ==> METHOD: getAllEmployees() COMPLETED IN: 32 ms
2026-04-28 13:17:05 [http-nio-8084-exec-3] INFO  c.w.employee.aspect.LoggingAspect - ==> API REQUEST: com.warehouse.employee.controller.EmployeeController.getAllEmployees()
2026-04-28 13:17:05 [http-nio-8084-exec-3] INFO  c.w.employee.aspect.LoggingAspect - ==> SERVICE METHOD CALLED: com.warehouse.employee.service.EmployeeService.getAllEmployees()
2026-04-28 13:17:06 [http-nio-8084-exec-3] INFO  c.w.employee.aspect.LoggingAspect - ==> METHOD: getAllEmployees() COMPLETED IN: 1250 ms
2026-04-28 13:17:56 [http-nio-8084-exec-6] INFO  c.w.employee.aspect.LoggingAspect - ==> API REQUEST: com.warehouse.employee.controller.EmployeeController.getAllEmployees()
2026-04-28 13:17:56 [http-nio-8084-exec-6] INFO  c.w.employee.aspect.LoggingAspect - ==> SERVICE METHOD CALLED: com.warehouse.employee.service.EmployeeService.getAllEmployees()
2026-04-28 13:17:57 [http-nio-8084-exec-6] INFO  c.w.employee.aspect.LoggingAspect - ==> METHOD: getAllEmployees() COMPLETED IN: 587 ms
2026-04-28 13:27:26 [http-nio-8084-exec-8] INFO  c.w.employee.aspect.LoggingAspect - ==> API REQUEST: com.warehouse.employee.controller.EmployeeController.getAllEmployees()
2026-04-28 13:27:26 [http-nio-8084-exec-8] INFO  c.w.employee.aspect.LoggingAspect - ==> SERVICE METHOD CALLED: com.warehouse.employee.service.EmployeeService.getAllEmployees()
2026-04-28 13:27:27 [http-nio-8084-exec-8] INFO  c.w.employee.aspect.LoggingAspect - ==> METHOD: getAllEmployees() COMPLETED IN: 637 ms
2026-04-28 13:28:42 [http-nio-8084-exec-10] INFO  c.w.employee.aspect.LoggingAspect - ==> API REQUEST: com.warehouse.employee.controller.EmployeeController.getAllEmployees()
2026-04-28 13:28:42 [http-nio-8084-exec-10] INFO  c.w.employee.aspect.LoggingAspect - ==> SERVICE METHOD CALLED: com.warehouse.employee.service.EmployeeService.getAllEmployees()
2026-04-28 13:28:42 [http-nio-8084-exec-10] INFO  c.w.employee.aspect.LoggingAspect - ==> METHOD: getAllEmployees() COMPLETED IN: 539 ms
2026-04-28 13:30:33 [http-nio-8084-exec-2] INFO  c.w.employee.aspect.LoggingAspect - ==> API REQUEST: com.warehouse.employee.controller.EmployeeController.getAllEmployees()
2026-04-28 13:30:33 [http-nio-8084-exec-2] INFO  c.w.employee.aspect.LoggingAspect - ==> SERVICE METHOD CALLED: com.warehouse.employee.service.EmployeeService.getAllEmployees()
2026-04-28 13:30:33 [http-nio-8084-exec-2] INFO  c.w.employee.aspect.LoggingAspect - ==> METHOD: getAllEmployees() COMPLETED IN: 295 ms
2026-04-28 13:30:52 [http-nio-8084-exec-5] INFO  c.w.employee.aspect.LoggingAspect - ==> API REQUEST: com.warehouse.employee.controller.EmployeeController.getAllEmployees()
2026-04-28 13:30:52 [http-nio-8084-exec-5] INFO  c.w.employee.aspect.LoggingAspect - ==> SERVICE METHOD CALLED: com.warehouse.employee.service.EmployeeService.getAllEmployees()
2026-04-28 13:30:52 [http-nio-8084-exec-5] INFO  c.w.employee.aspect.LoggingAspect - ==> METHOD: getAllEmployees() COMPLETED IN: 40 ms
2026-04-28 13:31:48 [http-nio-8084-exec-4] INFO  c.w.employee.aspect.LoggingAspect - ==> API REQUEST: com.warehouse.employee.controller.EmployeeController.getAllEmployees()
2026-04-28 13:31:48 [http-nio-8084-exec-4] INFO  c.w.employee.aspect.LoggingAspect - ==> SERVICE METHOD CALLED: com.warehouse.employee.service.EmployeeService.getAllEmployees()
2026-04-28 13:31:49 [http-nio-8084-exec-4] INFO  c.w.employee.aspect.LoggingAspect - ==> METHOD: getAllEmployees() COMPLETED IN: 243 ms
2026-04-28 13:33:35 [http-nio-8084-exec-6] INFO  c.w.employee.aspect.LoggingAspect - ==> API REQUEST: com.warehouse.employee.controller.EmployeeController.getAllEmployees()
2026-04-28 13:33:35 [http-nio-8084-exec-6] INFO  c.w.employee.aspect.LoggingAspect - ==> SERVICE METHOD CALLED: com.warehouse.employee.service.EmployeeService.getAllEmployees()
2026-04-28 13:33:35 [http-nio-8084-exec-6] INFO  c.w.employee.aspect.LoggingAspect - ==> METHOD: getAllEmployees() COMPLETED IN: 238 ms
2026-04-28 13:33:35 [http-nio-8084-exec-7] INFO  c.w.employee.aspect.LoggingAspect - ==> API REQUEST: com.warehouse.employee.controller.EmployeeController.getAllEmployees()
2026-04-28 13:33:35 [http-nio-8084-exec-7] INFO  c.w.employee.aspect.LoggingAspect - ==> SERVICE METHOD CALLED: com.warehouse.employee.service.EmployeeService.getAllEmployees()
2026-04-28 13:33:35 [http-nio-8084-exec-7] INFO  c.w.employee.aspect.LoggingAspect - ==> METHOD: getAllEmployees() COMPLETED IN: 8 ms
2026-04-28 13:33:58 [http-nio-8084-exec-8] INFO  c.w.employee.aspect.LoggingAspect - ==> API REQUEST: com.warehouse.employee.controller.EmployeeController.getAllEmployees()
2026-04-28 13:33:58 [http-nio-8084-exec-8] INFO  c.w.employee.aspect.LoggingAspect - ==> SERVICE METHOD CALLED: com.warehouse.employee.service.EmployeeService.getAllEmployees()
2026-04-28 13:33:58 [http-nio-8084-exec-8] INFO  c.w.employee.aspect.LoggingAspect - ==> METHOD: getAllEmployees() COMPLETED IN: 32 ms
2026-04-28 13:34:06 [http-nio-8084-exec-9] INFO  c.w.employee.aspect.LoggingAspect - ==> API REQUEST: com.warehouse.employee.controller.EmployeeController.getAllEmployees()
2026-04-28 13:34:06 [http-nio-8084-exec-9] INFO  c.w.employee.aspect.LoggingAspect - ==> SERVICE METHOD CALLED: com.warehouse.employee.service.EmployeeService.getAllEmployees()
2026-04-28 13:34:06 [http-nio-8084-exec-9] INFO  c.w.employee.aspect.LoggingAspect - ==> METHOD: getAllEmployees() COMPLETED IN: 12 ms
2026-04-28 13:37:32 [http-nio-8084-exec-1] INFO  c.w.employee.aspect.LoggingAspect - ==> API REQUEST: com.warehouse.employee.controller.EmployeeController.getAllEmployees()
2026-04-28 13:37:32 [http-nio-8084-exec-1] INFO  c.w.employee.aspect.LoggingAspect - ==> SERVICE METHOD CALLED: com.warehouse.employee.service.EmployeeService.getAllEmployees()
2026-04-28 13:37:32 [http-nio-8084-exec-1] INFO  c.w.employee.aspect.LoggingAspect - ==> METHOD: getAllEmployees() COMPLETED IN: 261 ms
2026-04-28 13:38:07 [http-nio-8084-exec-2] INFO  c.w.employee.aspect.LoggingAspect - ==> API REQUEST: com.warehouse.employee.controller.EmployeeController.createEmployee()
2026-04-28 13:38:07 [http-nio-8084-exec-2] INFO  c.w.employee.aspect.LoggingAspect - ==> SERVICE METHOD CALLED: com.warehouse.employee.service.EmployeeService.createEmployee()
2026-04-28 13:38:08 [http-nio-8084-exec-2] INFO  c.w.employee.aspect.LoggingAspect - ==> METHOD: createEmployee() COMPLETED IN: 670 ms
2026-04-28 13:38:08 [http-nio-8084-exec-5] INFO  c.w.employee.aspect.LoggingAspect - ==> API REQUEST: com.warehouse.employee.controller.EmployeeController.getAllEmployees()
2026-04-28 13:38:08 [http-nio-8084-exec-5] INFO  c.w.employee.aspect.LoggingAspect - ==> SERVICE METHOD CALLED: com.warehouse.employee.service.EmployeeService.getAllEmployees()
2026-04-28 13:38:08 [http-nio-8084-exec-5] INFO  c.w.employee.aspect.LoggingAspect - ==> METHOD: getAllEmployees() COMPLETED IN: 13 ms
2026-04-28 13:38:47 [http-nio-8084-exec-4] INFO  c.w.employee.aspect.LoggingAspect - ==> API REQUEST: com.warehouse.employee.controller.EmployeeController.getAllEmployees()
2026-04-28 13:38:47 [http-nio-8084-exec-4] INFO  c.w.employee.aspect.LoggingAspect - ==> SERVICE METHOD CALLED: com.warehouse.employee.service.EmployeeService.getAllEmployees()
2026-04-28 13:38:47 [http-nio-8084-exec-4] INFO  c.w.employee.aspect.LoggingAspect - ==> METHOD: getAllEmployees() COMPLETED IN: 12 ms
2026-04-28 13:38:57 [http-nio-8084-exec-3] INFO  c.w.employee.aspect.LoggingAspect - ==> API REQUEST: com.warehouse.employee.controller.EmployeeController.getAllEmployees()
2026-04-28 13:38:57 [http-nio-8084-exec-3] INFO  c.w.employee.aspect.LoggingAspect - ==> SERVICE METHOD CALLED: com.warehouse.employee.service.EmployeeService.getAllEmployees()
2026-04-28 13:38:57 [http-nio-8084-exec-3] INFO  c.w.employee.aspect.LoggingAspect - ==> METHOD: getAllEmployees() COMPLETED IN: 8 ms
2026-04-28 13:39:41 [http-nio-8084-exec-6] INFO  c.w.employee.aspect.LoggingAspect - ==> API REQUEST: com.warehouse.employee.controller.EmployeeController.getAllEmployees()
2026-04-28 13:39:41 [http-nio-8084-exec-6] INFO  c.w.employee.aspect.LoggingAspect - ==> SERVICE METHOD CALLED: com.warehouse.employee.service.EmployeeService.getAllEmployees()
2026-04-28 13:39:41 [http-nio-8084-exec-6] INFO  c.w.employee.aspect.LoggingAspect - ==> METHOD: getAllEmployees() COMPLETED IN: 10 ms
2026-04-28 13:39:52 [http-nio-8084-exec-7] INFO  c.w.employee.aspect.LoggingAspect - ==> API REQUEST: com.warehouse.employee.controller.EmployeeController.getAllEmployees()
2026-04-28 13:39:52 [http-nio-8084-exec-7] INFO  c.w.employee.aspect.LoggingAspect - ==> SERVICE METHOD CALLED: com.warehouse.employee.service.EmployeeService.getAllEmployees()
2026-04-28 13:39:52 [http-nio-8084-exec-7] INFO  c.w.employee.aspect.LoggingAspect - ==> METHOD: getAllEmployees() COMPLETED IN: 15 ms
2026-04-28 13:40:48 [http-nio-8084-exec-8] INFO  c.w.employee.aspect.LoggingAspect - ==> API REQUEST: com.warehouse.employee.controller.EmployeeController.getAllEmployees()
2026-04-28 13:40:48 [http-nio-8084-exec-8] INFO  c.w.employee.aspect.LoggingAspect - ==> SERVICE METHOD CALLED: com.warehouse.employee.service.EmployeeService.getAllEmployees()
2026-04-28 13:40:48 [http-nio-8084-exec-8] INFO  c.w.employee.aspect.LoggingAspect - ==> METHOD: getAllEmployees() COMPLETED IN: 8 ms
2026-04-28 13:40:48 [http-nio-8084-exec-9] INFO  c.w.employee.aspect.LoggingAspect - ==> API REQUEST: com.warehouse.employee.controller.EmployeeController.getAllEmployees()
2026-04-28 13:40:48 [http-nio-8084-exec-9] INFO  c.w.employee.aspect.LoggingAspect - ==> SERVICE METHOD CALLED: com.warehouse.employee.service.EmployeeService.getAllEmployees()
2026-04-28 13:40:48 [http-nio-8084-exec-9] INFO  c.w.employee.aspect.LoggingAspect - ==> METHOD: getAllEmployees() COMPLETED IN: 8 ms
2026-04-28 14:08:00 [http-nio-8084-exec-1] INFO  c.w.employee.aspect.LoggingAspect - ==> API REQUEST: com.warehouse.employee.controller.EmployeeController.getAllEmployees()
2026-04-28 14:08:00 [http-nio-8084-exec-1] INFO  c.w.employee.aspect.LoggingAspect - ==> SERVICE METHOD CALLED: com.warehouse.employee.service.EmployeeService.getAllEmployees()
2026-04-28 14:08:00 [http-nio-8084-exec-1] INFO  c.w.employee.aspect.LoggingAspect - ==> METHOD: getAllEmployees() COMPLETED IN: 291 ms
2026-04-28 14:24:01 [http-nio-8084-exec-5] INFO  c.w.employee.aspect.LoggingAspect - ==> API REQUEST: com.warehouse.employee.controller.EmployeeController.getAllEmployees()
2026-04-28 14:24:01 [http-nio-8084-exec-5] INFO  c.w.employee.aspect.LoggingAspect - ==> SERVICE METHOD CALLED: com.warehouse.employee.service.EmployeeService.getAllEmployees()
2026-04-28 14:24:01 [http-nio-8084-exec-5] INFO  c.w.employee.aspect.LoggingAspect - ==> METHOD: getAllEmployees() COMPLETED IN: 523 ms
2026-04-28 15:19:55 [http-nio-8084-exec-1] INFO  c.w.employee.aspect.LoggingAspect - ==> API REQUEST: com.warehouse.employee.controller.EmployeeController.getAllEmployees()
2026-04-28 15:19:55 [http-nio-8084-exec-1] INFO  c.w.employee.aspect.LoggingAspect - ==> SERVICE METHOD CALLED: com.warehouse.employee.service.EmployeeService.getAllEmployees()
2026-04-28 15:19:57 [http-nio-8084-exec-1] INFO  c.w.employee.aspect.LoggingAspect - ==> METHOD: getAllEmployees() COMPLETED IN: 1805 ms
2026-04-28 15:19:57 [http-nio-8084-exec-2] INFO  c.w.employee.aspect.LoggingAspect - ==> API REQUEST: com.warehouse.employee.controller.EmployeeController.getAllEmployees()
2026-04-28 15:19:57 [http-nio-8084-exec-2] INFO  c.w.employee.aspect.LoggingAspect - ==> SERVICE METHOD CALLED: com.warehouse.employee.service.EmployeeService.getAllEmployees()
2026-04-28 15:19:57 [http-nio-8084-exec-2] INFO  c.w.employee.aspect.LoggingAspect - ==> METHOD: getAllEmployees() COMPLETED IN: 15 ms
2026-04-28 15:21:44 [http-nio-8084-exec-4] INFO  c.w.employee.aspect.LoggingAspect - ==> API REQUEST: com.warehouse.employee.controller.EmployeeController.getAllEmployees()
2026-04-28 15:21:44 [http-nio-8084-exec-4] INFO  c.w.employee.aspect.LoggingAspect - ==> SERVICE METHOD CALLED: com.warehouse.employee.service.EmployeeService.getAllEmployees()
2026-04-28 15:21:44 [http-nio-8084-exec-4] INFO  c.w.employee.aspect.LoggingAspect - ==> METHOD: getAllEmployees() COMPLETED IN: 33 ms
2026-04-28 19:21:06 [http-nio-8084-exec-1] INFO  c.w.employee.aspect.LoggingAspect - ==> API REQUEST: com.warehouse.employee.controller.EmployeeController.getAllEmployees()
2026-04-28 19:21:06 [http-nio-8084-exec-1] INFO  c.w.employee.aspect.LoggingAspect - ==> SERVICE METHOD CALLED: com.warehouse.employee.service.EmployeeService.getAllEmployees()
2026-04-28 19:21:06 [http-nio-8084-exec-1] INFO  c.w.employee.aspect.LoggingAspect - ==> METHOD: getAllEmployees() COMPLETED IN: 748 ms
